Building using release "v1.36.5" artifacts
Starting to build Kubernetes
Downloading "https://dl.k8s.io/v1.36.5/kubernetes-server-linux-amd64.tar.gz"
Finished building Kubernetes
Building node image ...
Building in container: kind-build-1790351607-132761456
registry.k8s.io/kube scheduler amd64:v1.	saved	
application/vnd.docker.distribution.manifest.v2+json sha256:7e9f243bb51eca0add8c1f3b9db669bc3dc0d0e425e76ec7ecf74a54382e2da0
Importing	elapsed: 1.6 s	total:   0.0 B	(0.0 B/s)	
registry.k8s.io/kube proxy amd64:v1.36.5	saved	
application/vnd.docker.distribution.manifest.v2+json sha256:9a7b180368d2de486d55c0ff6a30ac7a026bc89fae14cac268ea7e9d97a96747
Importing	elapsed: 1.7 s	total:   0.0 B	(0.0 B/s)	
registry.k8s.io/kube controller manager 	saved	
application/vnd.docker.distribution.manifest.v2+json sha256:be3cc5f8c9ebd09daf9f1f52c43cacc3af9754bd41e33ae37cdee35719c786ec
Importing	elapsed: 2.0 s	total:   0.0 B	(0.0 B/s)	
registry.k8s.io/kube apiserver amd64:v1.	saved	
application/vnd.docker.distribution.manifest.v2+json sha256:561d312b64e297717abd4013ba6dd2eb3b7d45e4a53ca94c486a48b58165ef60
Importing	elapsed: 2.1 s	total:   0.0 B	(0.0 B/s)	
Image "kindest/node:v1.36.5-tk8s" build completed.
node image sha256:ca3321e28295e92a632af0519b0399e7b69fbde517bb99037a4e2fb9b6b86732
