LABEL: 7C: kubeadm v1.36.5 on AWS; control plane aws:ap-south-1a:m7i-flex.large, 2 workers (aws:ap-south-1b:c7i-flex.large, aws:ap-south-1c:c7i-flex.large); coordinators (or B1) on a dedicated aws:ap-south-1a:c7i-flex.large; load generator aws:ap-south-1a:t3.small; nginx on the control plane
phase tokens; commit 73be90fa916a34b9a39a2bf180c36bff3706aca9; systems: B0 B1 T-5region-optimistic T-5region-strict T-sameregion-optimistic T-sameregion-strict; results benchmark/results/20260927T131349Z-73be90f-7C
================ token run 1/3 (13:13:50) ================
clock-check: coord  chrony offset    -0.000 ms (last offset -0.000 ms) [primary]; round-trip skew    +90 ms (exec round trip 75 ms) [secondary]; NTPSynchronized=yes
clock-check: cp     chrony offset     0.000 ms (last offset 0.000 ms) [primary]; round-trip skew    +97 ms (exec round trip 89 ms) [secondary]; NTPSynchronized=yes
clock-check: lg     chrony offset    -0.002 ms (last offset -0.002 ms) [primary]; round-trip skew    +99 ms (exec round trip 110 ms) [secondary]; NTPSynchronized=yes
clock-check: t5-1   chrony offset    -0.001 ms (last offset -0.002 ms) [primary]; round-trip skew    +95 ms (exec round trip 91 ms) [secondary]; NTPSynchronized=yes
clock-check: t5-2   chrony offset    -0.002 ms (last offset -0.004 ms) [primary]; round-trip skew   +119 ms (exec round trip 204 ms) [secondary]; NTPSynchronized=yes
clock-check: t5-3   chrony offset    -0.001 ms (last offset -0.001 ms) [primary]; round-trip skew   +159 ms (exec round trip 376 ms) [secondary]; NTPSynchronized=yes
clock-check: t5-4   chrony offset     0.003 ms (last offset 0.003 ms) [primary]; round-trip skew   +164 ms (exec round trip 368 ms) [secondary]; NTPSynchronized=yes
clock-check: t5-5   chrony offset    -0.000 ms (last offset -0.000 ms) [primary]; round-trip skew   +209 ms (exec round trip 664 ms) [secondary]; NTPSynchronized=yes
clock-check: ts-1   chrony offset     0.001 ms (last offset 0.001 ms) [primary]; round-trip skew    +97 ms (exec round trip 92 ms) [secondary]; NTPSynchronized=yes
clock-check: ts-2   chrony offset     0.000 ms (last offset 0.001 ms) [primary]; round-trip skew    +95 ms (exec round trip 82 ms) [secondary]; NTPSynchronized=yes
clock-check: ts-3   chrony offset     0.001 ms (last offset 0.002 ms) [primary]; round-trip skew    +95 ms (exec round trip 81 ms) [secondary]; NTPSynchronized=yes
clock-check: ts-4   chrony offset     0.000 ms (last offset 0.000 ms) [primary]; round-trip skew    +94 ms (exec round trip 84 ms) [secondary]; NTPSynchronized=yes
clock-check: ts-5   chrony offset    -0.003 ms (last offset -0.004 ms) [primary]; round-trip skew    +95 ms (exec round trip 91 ms) [secondary]; NTPSynchronized=yes
clock-check: w1     chrony offset    -0.000 ms (last offset -0.000 ms) [primary]; round-trip skew    +93 ms (exec round trip 81 ms) [secondary]; NTPSynchronized=yes
clock-check: w2     chrony offset    -0.001 ms (last offset -0.001 ms) [primary]; round-trip skew    +93 ms (exec round trip 82 ms) [secondary]; NTPSynchronized=yes
[13:16:07Z] system B0 ready: {"ok":true,"mode":"in-tree","expected_mode":"in-tree","jwt_header_kid":"a3iC7qgl6Qf72xlKhXw_aiWgkxXiJtlCsNnvX12AgFA","expected_kid":"a3iC7qgl6Qf72xlKhXw_aiWgkxXiJtlCsNnvX12AgFA","expected_from":"sa.pub","pinned_kid":"","alg":"RS256","tokenreview_authenticated":"true","system":"B0","stamp":"B0-20260927T131411Z-try1","switch_seconds":114,"switch_tries":1}
  run1 B0 c=1: 1000 rows, 0 errors; cp busy 35.4%, coord busy 0.1%
  run1 B0 c=10: 1000 rows, 0 errors; cp busy 35.1%, coord busy 0.0%
  run1 B0 c=20: 1000 rows, 0 errors; cp busy 34.7%, coord busy 0.1%
  run1 B0 c=50: 1000 rows, 0 errors; cp busy 33.3%, coord busy 0.0%
 Network c7_coord-net Creating 
 Network c7_coord-net Creating 
 Network c7_coord-net Created 
 Network c7_coord-net Created 
 Container c7-grpc-proxy-2-1 Creating 
 Container c7-grpc-proxy-3-1 Creating 
 Container c7-grpc-proxy-1-1 Creating 
 Container c7-grpc-proxy-3-1 Created 
 Container c7-grpc-proxy-2-1 Created 
 Container c7-grpc-proxy-1-1 Created 
 Container c7-grpc-proxy-3-1 Starting 
 Container c7-grpc-proxy-2-1 Starting 
 Container c7-grpc-proxy-1-1 Starting 
 Container c7-grpc-proxy-3-1 Started 
 Container c7-grpc-proxy-2-1 Started 
 Container c7-grpc-proxy-1-1 Started 
[13:18:46Z] system B1 ready: {"ok":true,"mode":"external","expected_mode":"external","jwt_header_kid":"3HfosoOuMBbJWoOfxtE_lg","expected_kid":"3HfosoOuMBbJWoOfxtE_lg","expected_from":"signer FetchKeys","pinned_kid":"3HfosoOuMBbJWoOfxtE_lg","alg":"RS256","tokenreview_authenticated":"true","system":"B1","stamp":"B1-20260927T131630Z-try1","switch_seconds":134,"switch_tries":1}
  run1 B1 c=1: 1000 rows, 0 errors; cp busy 19.3%, coord busy 7.8%
  run1 B1 c=10: 1000 rows, 0 errors; cp busy 26.2%, coord busy 17.0%
  run1 B1 c=20: 1000 rows, 0 errors; cp busy 24.2%, coord busy 17.5%
  run1 B1 c=50: 1000 rows, 0 errors; cp busy 26.6%, coord busy 18.8%
 Network c7_coord-net Creating 
 Network c7_coord-net Creating 
 Network c7_coord-net Created 
 Network c7_coord-net Created 
 Container c7-grpc-proxy-3-1 Creating 
 Container c7-grpc-proxy-2-1 Creating 
 Container c7-grpc-proxy-1-1 Creating 
 Container c7-grpc-proxy-2-1 Created 
 Container c7-grpc-proxy-3-1 Created 
 Container c7-grpc-proxy-1-1 Created 
 Container c7-grpc-proxy-1-1 Starting 
 Container c7-grpc-proxy-2-1 Starting 
 Container c7-grpc-proxy-3-1 Starting 
 Container c7-grpc-proxy-1-1 Started 
 Container c7-grpc-proxy-2-1 Started 
 Container c7-grpc-proxy-3-1 Started 
[13:21:07Z] system T-5region-optimistic ready: {"ok":true,"mode":"external","expected_mode":"external","jwt_header_kid":"EV_rkpqmHFsdq3YASJwPZw","expected_kid":"EV_rkpqmHFsdq3YASJwPZw","expected_from":"signer FetchKeys","pinned_kid":"EV_rkpqmHFsdq3YASJwPZw","alg":"RS256","tokenreview_authenticated":"true","system":"T-5region-optimistic","stamp":"T-5region-optimistic-20260927T131914Z-try1","switch_seconds":110,"switch_tries":1}
  run1 T-5region-optimistic c=1: 1000 rows, 0 errors; cp busy 4.5%, coord busy 1.1%
  run1 T-5region-optimistic c=10: 1000 rows, 0 errors; cp busy 10.5%, coord busy 5.6%
  run1 T-5region-optimistic c=20: 1000 rows, 0 errors; cp busy 11.8%, coord busy 6.4%
  run1 T-5region-optimistic c=50: 1000 rows, 0 errors; cp busy 11.5%, coord busy 6.6%
 Network c7_coord-net Creating 
 Network c7_coord-net Creating 
 Network c7_coord-net Created 
 Network c7_coord-net Created 
 Container c7-grpc-proxy-3-1 Creating 
 Container c7-grpc-proxy-2-1 Creating 
 Container c7-grpc-proxy-1-1 Creating 
 Container c7-grpc-proxy-3-1 Created 
 Container c7-grpc-proxy-2-1 Created 
 Container c7-grpc-proxy-1-1 Created 
 Container c7-grpc-proxy-2-1 Starting 
 Container c7-grpc-proxy-3-1 Starting 
 Container c7-grpc-proxy-1-1 Starting 
 Container c7-grpc-proxy-2-1 Started 
 Container c7-grpc-proxy-3-1 Started 
 Container c7-grpc-proxy-1-1 Started 
[13:27:07Z] system T-5region-strict ready: {"ok":true,"mode":"external","expected_mode":"external","jwt_header_kid":"EV_rkpqmHFsdq3YASJwPZw","expected_kid":"EV_rkpqmHFsdq3YASJwPZw","expected_from":"signer FetchKeys","pinned_kid":"EV_rkpqmHFsdq3YASJwPZw","alg":"RS256","tokenreview_authenticated":"true","system":"T-5region-strict","stamp":"T-5region-strict-20260927T132510Z-try1","switch_seconds":115,"switch_tries":1}
  run1 T-5region-strict c=1: 1000 rows, 0 errors; cp busy 4.4%, coord busy 8.4%
  run1 T-5region-strict c=10: 1000 rows, 0 errors; cp busy 9.6%, coord busy 78.9%
  run1 T-5region-strict c=20: 1000 rows, 0 errors; cp busy 9.5%, coord busy 81.3%
  run1 T-5region-strict c=50: 1000 rows, 0 errors; cp busy 9.0%, coord busy 80.9%
 Network c7_coord-net Creating 
 Network c7_coord-net Creating 
 Network c7_coord-net Created 
 Network c7_coord-net Created 
 Container c7-grpc-proxy-1-1 Creating 
 Container c7-grpc-proxy-3-1 Creating 
 Container c7-grpc-proxy-2-1 Creating 
 Container c7-grpc-proxy-1-1 Created 
 Container c7-grpc-proxy-3-1 Created 
 Container c7-grpc-proxy-2-1 Created 
 Container c7-grpc-proxy-1-1 Starting 
 Container c7-grpc-proxy-3-1 Starting 
 Container c7-grpc-proxy-2-1 Starting 
 Container c7-grpc-proxy-1-1 Started 
 Container c7-grpc-proxy-3-1 Started 
 Container c7-grpc-proxy-2-1 Started 
[13:33:46Z] system T-sameregion-optimistic ready: {"ok":true,"mode":"external","expected_mode":"external","jwt_header_kid":"wvQG_NBRUzel2Tysz2sCvA","expected_kid":"wvQG_NBRUzel2Tysz2sCvA","expected_from":"signer FetchKeys","pinned_kid":"wvQG_NBRUzel2Tysz2sCvA","alg":"RS256","tokenreview_authenticated":"true","system":"T-sameregion-optimistic","stamp":"T-sameregion-optimistic-20260927T133139Z-try1","switch_seconds":126,"switch_tries":1}
  run1 T-sameregion-optimistic c=1: 1000 rows, 0 errors; cp busy 9.5%, coord busy 4.7%
  run1 T-sameregion-optimistic c=10: 1000 rows, 0 errors; cp busy 10.9%, coord busy 6.4%
  run1 T-sameregion-optimistic c=20: 1000 rows, 0 errors; cp busy 11.1%, coord busy 6.4%
  run1 T-sameregion-optimistic c=50: 1000 rows, 0 errors; cp busy 12.3%, coord busy 7.6%
 Network c7_coord-net Creating 
 Network c7_coord-net Creating 
 Network c7_coord-net Created 
 Network c7_coord-net Created 
 Container c7-grpc-proxy-3-1 Creating 
 Container c7-grpc-proxy-2-1 Creating 
 Container c7-grpc-proxy-1-1 Creating 
 Container c7-grpc-proxy-1-1 Created 
 Container c7-grpc-proxy-3-1 Created 
 Container c7-grpc-proxy-2-1 Created 
 Container c7-grpc-proxy-3-1 Starting 
 Container c7-grpc-proxy-1-1 Starting 
 Container c7-grpc-proxy-2-1 Starting 
 Container c7-grpc-proxy-3-1 Started 
 Container c7-grpc-proxy-1-1 Started 
 Container c7-grpc-proxy-2-1 Started 
[13:38:54Z] system T-sameregion-strict ready: {"ok":true,"mode":"external","expected_mode":"external","jwt_header_kid":"wvQG_NBRUzel2Tysz2sCvA","expected_kid":"wvQG_NBRUzel2Tysz2sCvA","expected_from":"signer FetchKeys","pinned_kid":"wvQG_NBRUzel2Tysz2sCvA","alg":"RS256","tokenreview_authenticated":"true","system":"T-sameregion-strict","stamp":"T-sameregion-strict-20260927T133525Z-try1","switch_seconds":208,"switch_tries":1}
  run1 T-sameregion-strict c=1: 1000 rows, 0 errors; cp busy 7.3%, coord busy 38.6%
  run1 T-sameregion-strict c=10: 1000 rows, 0 errors; cp busy 9.9%, coord busy 81.5%
  run1 T-sameregion-strict c=20: 1000 rows, 0 errors; cp busy 9.6%, coord busy 82.0%
  run1 T-sameregion-strict c=50: 1000 rows, 1 errors; cp busy 9.2%, coord busy 82.3%
================ token run 2/3 (13:41:15) ================
clock-check: coord  chrony offset     0.001 ms (last offset 0.001 ms) [primary]; round-trip skew    +84 ms (exec round trip 83 ms) [secondary]; NTPSynchronized=yes
clock-check: cp     chrony offset    -0.001 ms (last offset -0.001 ms) [primary]; round-trip skew    +86 ms (exec round trip 90 ms) [secondary]; NTPSynchronized=yes
clock-check: lg     chrony offset     0.000 ms (last offset 0.000 ms) [primary]; round-trip skew    +90 ms (exec round trip 108 ms) [secondary]; NTPSynchronized=yes
clock-check: t5-1   chrony offset     0.003 ms (last offset 0.003 ms) [primary]; round-trip skew    +85 ms (exec round trip 89 ms) [secondary]; NTPSynchronized=yes
clock-check: t5-2   chrony offset     0.002 ms (last offset 0.002 ms) [primary]; round-trip skew   +106 ms (exec round trip 197 ms) [secondary]; NTPSynchronized=yes
clock-check: t5-3   chrony offset    -0.000 ms (last offset -0.000 ms) [primary]; round-trip skew   +141 ms (exec round trip 338 ms) [secondary]; NTPSynchronized=yes
clock-check: t5-4   chrony offset    -0.000 ms (last offset -0.000 ms) [primary]; round-trip skew   +147 ms (exec round trip 366 ms) [secondary]; NTPSynchronized=yes
clock-check: t5-5   chrony offset    -0.003 ms (last offset -0.004 ms) [primary]; round-trip skew   +220 ms (exec round trip 581 ms) [secondary]; NTPSynchronized=yes
clock-check: ts-1   chrony offset    -0.001 ms (last offset -0.001 ms) [primary]; round-trip skew    +86 ms (exec round trip 80 ms) [secondary]; NTPSynchronized=yes
clock-check: ts-2   chrony offset     0.000 ms (last offset -0.002 ms) [primary]; round-trip skew    +85 ms (exec round trip 78 ms) [secondary]; NTPSynchronized=yes
clock-check: ts-3   chrony offset    -0.000 ms (last offset -0.000 ms) [primary]; round-trip skew    +81 ms (exec round trip 72 ms) [secondary]; NTPSynchronized=yes
clock-check: ts-4   chrony offset     0.000 ms (last offset 0.000 ms) [primary]; round-trip skew    +90 ms (exec round trip 96 ms) [secondary]; NTPSynchronized=yes
clock-check: ts-5   chrony offset    -0.001 ms (last offset -0.001 ms) [primary]; round-trip skew    +91 ms (exec round trip 98 ms) [secondary]; NTPSynchronized=yes
clock-check: w1     chrony offset    -0.002 ms (last offset -0.002 ms) [primary]; round-trip skew    +84 ms (exec round trip 95 ms) [secondary]; NTPSynchronized=yes
clock-check: w2     chrony offset    -0.001 ms (last offset -0.001 ms) [primary]; round-trip skew    +83 ms (exec round trip 85 ms) [secondary]; NTPSynchronized=yes
 Network c7_coord-net Creating 
 Network c7_coord-net Creating 
 Network c7_coord-net Created 
 Network c7_coord-net Created 
 Container c7-grpc-proxy-3-1 Creating 
 Container c7-grpc-proxy-2-1 Creating 
 Container c7-grpc-proxy-1-1 Creating 
 Container c7-grpc-proxy-3-1 Created 
 Container c7-grpc-proxy-1-1 Created 
 Container c7-grpc-proxy-2-1 Created 
 Container c7-grpc-proxy-2-1 Starting 
 Container c7-grpc-proxy-3-1 Starting 
 Container c7-grpc-proxy-1-1 Starting 
 Container c7-grpc-proxy-2-1 Started 
 Container c7-grpc-proxy-3-1 Started 
 Container c7-grpc-proxy-1-1 Started 
[13:47:40Z] system B1 ready: {"ok":true,"mode":"external","expected_mode":"external","jwt_header_kid":"3HfosoOuMBbJWoOfxtE_lg","expected_kid":"3HfosoOuMBbJWoOfxtE_lg","expected_from":"signer FetchKeys","pinned_kid":"3HfosoOuMBbJWoOfxtE_lg","alg":"RS256","tokenreview_authenticated":"true","system":"B1","stamp":"B1-20260927T134135Z-try1","switch_seconds":363,"switch_tries":1}
  run2 B1 c=1: 1000 rows, 0 errors; cp busy 20.1%, coord busy 7.9%
  run2 B1 c=10: 1000 rows, 0 errors; cp busy 25.4%, coord busy 17.8%
  run2 B1 c=20: 1000 rows, 0 errors; cp busy 24.0%, coord busy 18.1%
  run2 B1 c=50: 1000 rows, 0 errors; cp busy 25.2%, coord busy 18.9%
 Network c7_coord-net Creating 
 Network c7_coord-net Creating 
 Network c7_coord-net Created 
 Network c7_coord-net Created 
 Container c7-grpc-proxy-3-1 Creating 
 Container c7-grpc-proxy-2-1 Creating 
 Container c7-grpc-proxy-1-1 Creating 
 Container c7-grpc-proxy-3-1 Created 
 Container c7-grpc-proxy-1-1 Created 
 Container c7-grpc-proxy-2-1 Created 
 Container c7-grpc-proxy-2-1 Starting 
 Container c7-grpc-proxy-3-1 Starting 
 Container c7-grpc-proxy-1-1 Starting 
 Container c7-grpc-proxy-2-1 Started 
 Container c7-grpc-proxy-3-1 Started 
 Container c7-grpc-proxy-1-1 Started 
[13:54:03Z] system T-5region-optimistic ready: {"ok":true,"mode":"external","expected_mode":"external","jwt_header_kid":"EV_rkpqmHFsdq3YASJwPZw","expected_kid":"EV_rkpqmHFsdq3YASJwPZw","expected_from":"signer FetchKeys","pinned_kid":"EV_rkpqmHFsdq3YASJwPZw","alg":"RS256","tokenreview_authenticated":"true","system":"T-5region-optimistic","stamp":"T-5region-optimistic-20260927T134809Z-try1","switch_seconds":352,"switch_tries":1}
  run2 T-5region-optimistic c=1: 1000 rows, 0 errors; cp busy 4.5%, coord busy 1.1%
  run2 T-5region-optimistic c=10: 1000 rows, 0 errors; cp busy 11.1%, coord busy 6.5%
  run2 T-5region-optimistic c=20: 1000 rows, 0 errors; cp busy 11.0%, coord busy 6.6%
  run2 T-5region-optimistic c=50: 1000 rows, 0 errors; cp busy 10.9%, coord busy 6.7%
 Network c7_coord-net Creating 
 Network c7_coord-net Creating 
 Network c7_coord-net Created 
 Network c7_coord-net Created 
 Container c7-grpc-proxy-3-1 Creating 
 Container c7-grpc-proxy-2-1 Creating 
 Container c7-grpc-proxy-1-1 Creating 
 Container c7-grpc-proxy-1-1 Created 
 Container c7-grpc-proxy-2-1 Created 
 Container c7-grpc-proxy-3-1 Created 
 Container c7-grpc-proxy-3-1 Starting 
 Container c7-grpc-proxy-2-1 Starting 
 Container c7-grpc-proxy-1-1 Starting 
 Container c7-grpc-proxy-3-1 Started 
 Container c7-grpc-proxy-2-1 Started 
 Container c7-grpc-proxy-1-1 Started 
[14:03:52Z] system T-5region-strict ready: {"ok":true,"mode":"external","expected_mode":"external","jwt_header_kid":"EV_rkpqmHFsdq3YASJwPZw","expected_kid":"EV_rkpqmHFsdq3YASJwPZw","expected_from":"signer FetchKeys","pinned_kid":"EV_rkpqmHFsdq3YASJwPZw","alg":"RS256","tokenreview_authenticated":"true","system":"T-5region-strict","stamp":"T-5region-strict-20260927T135807Z-try1","switch_seconds":342,"switch_tries":1}
  run2 T-5region-strict c=1: 1000 rows, 0 errors; cp busy 4.6%, coord busy 8.4%
  run2 T-5region-strict c=10: 1000 rows, 0 errors; cp busy 9.8%, coord busy 80.1%
  run2 T-5region-strict c=20: 1000 rows, 0 errors; cp busy 9.6%, coord busy 81.7%
  run2 T-5region-strict c=50: 1000 rows, 0 errors; cp busy 9.6%, coord busy 81.2%
 Network c7_coord-net Creating 
 Network c7_coord-net Creating 
 Network c7_coord-net Created 
 Network c7_coord-net Created 
 Container c7-grpc-proxy-3-1 Creating 
 Container c7-grpc-proxy-2-1 Creating 
 Container c7-grpc-proxy-1-1 Creating 
 Container c7-grpc-proxy-1-1 Created 
 Container c7-grpc-proxy-3-1 Created 
 Container c7-grpc-proxy-2-1 Created 
 Container c7-grpc-proxy-3-1 Starting 
 Container c7-grpc-proxy-1-1 Starting 
 Container c7-grpc-proxy-2-1 Starting 
 Container c7-grpc-proxy-3-1 Started 
 Container c7-grpc-proxy-1-1 Started 
 Container c7-grpc-proxy-2-1 Started 
[14:14:24Z] system T-sameregion-optimistic ready: {"ok":true,"mode":"external","expected_mode":"external","jwt_header_kid":"wvQG_NBRUzel2Tysz2sCvA","expected_kid":"wvQG_NBRUzel2Tysz2sCvA","expected_from":"signer FetchKeys","pinned_kid":"wvQG_NBRUzel2Tysz2sCvA","alg":"RS256","tokenreview_authenticated":"true","system":"T-sameregion-optimistic","stamp":"T-sameregion-optimistic-20260927T140824Z-try1","switch_seconds":358,"switch_tries":1}
  run2 T-sameregion-optimistic c=1: 1000 rows, 0 errors; cp busy 9.6%, coord busy 5.0%
  run2 T-sameregion-optimistic c=10: 1000 rows, 0 errors; cp busy 11.5%, coord busy 6.2%
  run2 T-sameregion-optimistic c=20: 1000 rows, 0 errors; cp busy 11.1%, coord busy 6.3%
  run2 T-sameregion-optimistic c=50: 1000 rows, 0 errors; cp busy 12.8%, coord busy 7.9%
 Network c7_coord-net Creating 
 Network c7_coord-net Creating 
 Network c7_coord-net Created 
 Network c7_coord-net Created 
 Container c7-grpc-proxy-3-1 Creating 
 Container c7-grpc-proxy-1-1 Creating 
 Container c7-grpc-proxy-2-1 Creating 
 Container c7-grpc-proxy-1-1 Created 
 Container c7-grpc-proxy-3-1 Created 
 Container c7-grpc-proxy-2-1 Created 
 Container c7-grpc-proxy-1-1 Starting 
 Container c7-grpc-proxy-2-1 Starting 
 Container c7-grpc-proxy-3-1 Starting 
 Container c7-grpc-proxy-1-1 Started 
 Container c7-grpc-proxy-2-1 Started 
 Container c7-grpc-proxy-3-1 Started 
[14:18:09Z] system T-sameregion-strict ready: {"ok":true,"mode":"external","expected_mode":"external","jwt_header_kid":"wvQG_NBRUzel2Tysz2sCvA","expected_kid":"wvQG_NBRUzel2Tysz2sCvA","expected_from":"signer FetchKeys","pinned_kid":"wvQG_NBRUzel2Tysz2sCvA","alg":"RS256","tokenreview_authenticated":"true","system":"T-sameregion-strict","stamp":"T-sameregion-strict-20260927T141603Z-try1","switch_seconds":123,"switch_tries":1}
  run2 T-sameregion-strict c=1: 1000 rows, 0 errors; cp busy 7.1%, coord busy 37.6%
  run2 T-sameregion-strict c=10: 1000 rows, 0 errors; cp busy 9.7%, coord busy 79.3%
  run2 T-sameregion-strict c=20: 1000 rows, 0 errors; cp busy 9.8%, coord busy 79.6%
  run2 T-sameregion-strict c=50: 1000 rows, 0 errors; cp busy 9.6%, coord busy 79.8%
[14:22:36Z] system B0 ready: {"ok":true,"mode":"in-tree","expected_mode":"in-tree","jwt_header_kid":"a3iC7qgl6Qf72xlKhXw_aiWgkxXiJtlCsNnvX12AgFA","expected_kid":"a3iC7qgl6Qf72xlKhXw_aiWgkxXiJtlCsNnvX12AgFA","expected_from":"sa.pub","pinned_kid":"","alg":"RS256","tokenreview_authenticated":"true","system":"B0","stamp":"B0-20260927T142033Z-try1","switch_seconds":122,"switch_tries":1}
  run2 B0 c=1: 1000 rows, 0 errors; cp busy 36.1%, coord busy 0.0%
  run2 B0 c=10: 1000 rows, 0 errors; cp busy 35.0%, coord busy 0.1%
  run2 B0 c=20: 1000 rows, 0 errors; cp busy 34.5%, coord busy 0.0%
  run2 B0 c=50: 1000 rows, 0 errors; cp busy 34.4%, coord busy 0.0%
================ token run 3/3 (14:23:00) ================
clock-check: coord  chrony offset     0.001 ms (last offset 0.001 ms) [primary]; round-trip skew    +63 ms (exec round trip 81 ms) [secondary]; NTPSynchronized=yes
clock-check: cp     chrony offset     0.000 ms (last offset 0.000 ms) [primary]; round-trip skew    +63 ms (exec round trip 82 ms) [secondary]; NTPSynchronized=yes
clock-check: lg     chrony offset     0.002 ms (last offset 0.002 ms) [primary]; round-trip skew    +73 ms (exec round trip 124 ms) [secondary]; NTPSynchronized=yes
clock-check: t5-1   chrony offset     0.001 ms (last offset 0.001 ms) [primary]; round-trip skew    +65 ms (exec round trip 81 ms) [secondary]; NTPSynchronized=yes
clock-check: t5-2   chrony offset    -0.000 ms (last offset -0.000 ms) [primary]; round-trip skew    +85 ms (exec round trip 203 ms) [secondary]; NTPSynchronized=yes
clock-check: t5-3   chrony offset    -0.002 ms (last offset -0.002 ms) [primary]; round-trip skew   +120 ms (exec round trip 358 ms) [secondary]; NTPSynchronized=yes
clock-check: t5-4   chrony offset     0.001 ms (last offset 0.001 ms) [primary]; round-trip skew   +130 ms (exec round trip 376 ms) [secondary]; NTPSynchronized=yes
clock-check: t5-5   chrony offset     0.000 ms (last offset 0.000 ms) [primary]; round-trip skew   +211 ms (exec round trip 610 ms) [secondary]; NTPSynchronized=yes
clock-check: ts-1   chrony offset     0.001 ms (last offset 0.002 ms) [primary]; round-trip skew    +74 ms (exec round trip 106 ms) [secondary]; NTPSynchronized=yes
clock-check: ts-2   chrony offset    -0.002 ms (last offset -0.003 ms) [primary]; round-trip skew    +64 ms (exec round trip 104 ms) [secondary]; NTPSynchronized=yes
clock-check: ts-3   chrony offset    -0.002 ms (last offset -0.004 ms) [primary]; round-trip skew    +70 ms (exec round trip 91 ms) [secondary]; NTPSynchronized=yes
clock-check: ts-4   chrony offset    -0.002 ms (last offset -0.003 ms) [primary]; round-trip skew    +69 ms (exec round trip 89 ms) [secondary]; NTPSynchronized=yes
clock-check: ts-5   chrony offset     0.000 ms (last offset 0.000 ms) [primary]; round-trip skew    +64 ms (exec round trip 103 ms) [secondary]; NTPSynchronized=yes
clock-check: w1     chrony offset    -0.000 ms (last offset -0.000 ms) [primary]; round-trip skew    +73 ms (exec round trip 103 ms) [secondary]; NTPSynchronized=yes
clock-check: w2     chrony offset    -0.000 ms (last offset -0.000 ms) [primary]; round-trip skew    +65 ms (exec round trip 83 ms) [secondary]; NTPSynchronized=yes
 Network c7_coord-net Creating 
 Network c7_coord-net Creating 
 Network c7_coord-net Created 
 Network c7_coord-net Created 
 Container c7-grpc-proxy-3-1 Creating 
 Container c7-grpc-proxy-2-1 Creating 
 Container c7-grpc-proxy-1-1 Creating 
 Container c7-grpc-proxy-2-1 Created 
 Container c7-grpc-proxy-1-1 Created 
 Container c7-grpc-proxy-3-1 Created 
 Container c7-grpc-proxy-1-1 Starting 
 Container c7-grpc-proxy-3-1 Starting 
 Container c7-grpc-proxy-2-1 Starting 
 Container c7-grpc-proxy-1-1 Started 
 Container c7-grpc-proxy-3-1 Started 
 Container c7-grpc-proxy-2-1 Started 
[14:27:35Z] system T-5region-optimistic ready: {"ok":true,"mode":"external","expected_mode":"external","jwt_header_kid":"EV_rkpqmHFsdq3YASJwPZw","expected_kid":"EV_rkpqmHFsdq3YASJwPZw","expected_from":"signer FetchKeys","pinned_kid":"EV_rkpqmHFsdq3YASJwPZw","alg":"RS256","tokenreview_authenticated":"true","system":"T-5region-optimistic","stamp":"T-5region-optimistic-20260927T142322Z-try1","switch_seconds":251,"switch_tries":1}
  run3 T-5region-optimistic c=1: 1000 rows, 0 errors; cp busy 4.5%, coord busy 1.1%
  run3 T-5region-optimistic c=10: 1000 rows, 0 errors; cp busy 11.2%, coord busy 6.3%
  run3 T-5region-optimistic c=20: 1000 rows, 0 errors; cp busy 11.0%, coord busy 6.5%
  run3 T-5region-optimistic c=50: 1000 rows, 0 errors; cp busy 11.3%, coord busy 6.8%
 Network c7_coord-net Creating 
 Network c7_coord-net Creating 
 Network c7_coord-net Created 
 Network c7_coord-net Created 
 Container c7-grpc-proxy-3-1 Creating 
 Container c7-grpc-proxy-2-1 Creating 
 Container c7-grpc-proxy-1-1 Creating 
 Container c7-grpc-proxy-1-1 Created 
 Container c7-grpc-proxy-3-1 Created 
 Container c7-grpc-proxy-2-1 Created 
 Container c7-grpc-proxy-1-1 Starting 
 Container c7-grpc-proxy-3-1 Starting 
 Container c7-grpc-proxy-2-1 Starting 
 Container c7-grpc-proxy-1-1 Started 
 Container c7-grpc-proxy-3-1 Started 
 Container c7-grpc-proxy-2-1 Started 
[14:33:46Z] system T-5region-strict ready: {"ok":true,"mode":"external","expected_mode":"external","jwt_header_kid":"EV_rkpqmHFsdq3YASJwPZw","expected_kid":"EV_rkpqmHFsdq3YASJwPZw","expected_from":"signer FetchKeys","pinned_kid":"EV_rkpqmHFsdq3YASJwPZw","alg":"RS256","tokenreview_authenticated":"true","system":"T-5region-strict","stamp":"T-5region-strict-20260927T143143Z-try1","switch_seconds":120,"switch_tries":1}
  run3 T-5region-strict c=1: 1000 rows, 0 errors; cp busy 4.4%, coord busy 8.5%
  run3 T-5region-strict c=10: 1000 rows, 0 errors; cp busy 9.5%, coord busy 80.6%
  run3 T-5region-strict c=20: 1000 rows, 0 errors; cp busy 10.0%, coord busy 82.5%
  run3 T-5region-strict c=50: 1000 rows, 3 errors; cp busy 9.3%, coord busy 82.6%
 Network c7_coord-net Creating 
 Network c7_coord-net Creating 
 Network c7_coord-net Created 
 Network c7_coord-net Created 
 Container c7-grpc-proxy-3-1 Creating 
 Container c7-grpc-proxy-2-1 Creating 
 Container c7-grpc-proxy-1-1 Creating 
 Container c7-grpc-proxy-1-1 Created 
 Container c7-grpc-proxy-2-1 Created 
 Container c7-grpc-proxy-3-1 Created 
 Container c7-grpc-proxy-2-1 Starting 
 Container c7-grpc-proxy-1-1 Starting 
 Container c7-grpc-proxy-3-1 Starting 
 Container c7-grpc-proxy-2-1 Started 
 Container c7-grpc-proxy-1-1 Started 
 Container c7-grpc-proxy-3-1 Started 
[14:41:47Z] system T-sameregion-optimistic ready: {"ok":true,"mode":"external","expected_mode":"external","jwt_header_kid":"wvQG_NBRUzel2Tysz2sCvA","expected_kid":"wvQG_NBRUzel2Tysz2sCvA","expected_from":"signer FetchKeys","pinned_kid":"wvQG_NBRUzel2Tysz2sCvA","alg":"RS256","tokenreview_authenticated":"true","system":"T-sameregion-optimistic","stamp":"T-sameregion-optimistic-20260927T143818Z-try1","switch_seconds":206,"switch_tries":1}
  run3 T-sameregion-optimistic c=1: 1000 rows, 0 errors; cp busy 9.7%, coord busy 4.8%
  run3 T-sameregion-optimistic c=10: 1000 rows, 0 errors; cp busy 11.1%, coord busy 6.4%
  run3 T-sameregion-optimistic c=20: 1000 rows, 0 errors; cp busy 11.5%, coord busy 6.3%
  run3 T-sameregion-optimistic c=50: 1000 rows, 0 errors; cp busy 12.6%, coord busy 7.8%
 Network c7_coord-net Creating 
 Network c7_coord-net Creating 
 Network c7_coord-net Created 
 Network c7_coord-net Created 
 Container c7-grpc-proxy-3-1 Creating 
 Container c7-grpc-proxy-2-1 Creating 
 Container c7-grpc-proxy-1-1 Creating 
 Container c7-grpc-proxy-2-1 Created 
 Container c7-grpc-proxy-1-1 Created 
 Container c7-grpc-proxy-3-1 Created 
 Container c7-grpc-proxy-3-1 Starting 
 Container c7-grpc-proxy-2-1 Starting 
 Container c7-grpc-proxy-1-1 Starting 
 Container c7-grpc-proxy-3-1 Started 
 Container c7-grpc-proxy-2-1 Started 
 Container c7-grpc-proxy-1-1 Started 
[14:49:19Z] system T-sameregion-strict ready: {"ok":true,"mode":"external","expected_mode":"external","jwt_header_kid":"wvQG_NBRUzel2Tysz2sCvA","expected_kid":"wvQG_NBRUzel2Tysz2sCvA","expected_from":"signer FetchKeys","pinned_kid":"wvQG_NBRUzel2Tysz2sCvA","alg":"RS256","tokenreview_authenticated":"true","system":"T-sameregion-strict","stamp":"T-sameregion-strict-20260927T144327Z-try1","switch_seconds":349,"switch_tries":1}
  run3 T-sameregion-strict c=1: 1000 rows, 0 errors; cp busy 7.3%, coord busy 37.5%
  run3 T-sameregion-strict c=10: 1000 rows, 0 errors; cp busy 9.6%, coord busy 79.3%
  run3 T-sameregion-strict c=20: 1000 rows, 0 errors; cp busy 9.8%, coord busy 78.8%
  run3 T-sameregion-strict c=50: 1000 rows, 0 errors; cp busy 9.1%, coord busy 78.9%
[14:57:23Z] system B0 ready: {"ok":true,"mode":"in-tree","expected_mode":"in-tree","jwt_header_kid":"a3iC7qgl6Qf72xlKhXw_aiWgkxXiJtlCsNnvX12AgFA","expected_kid":"a3iC7qgl6Qf72xlKhXw_aiWgkxXiJtlCsNnvX12AgFA","expected_from":"sa.pub","pinned_kid":"","alg":"RS256","tokenreview_authenticated":"true","system":"B0","stamp":"B0-20260927T145143Z-try1","switch_seconds":339,"switch_tries":1}
  run3 B0 c=1: 1000 rows, 0 errors; cp busy 33.9%, coord busy 0.1%
  run3 B0 c=10: 1000 rows, 0 errors; cp busy 33.9%, coord busy 0.1%
  run3 B0 c=20: 1000 rows, 0 errors; cp busy 32.7%, coord busy 0.2%
  run3 B0 c=50: 1000 rows, 0 errors; cp busy 34.7%, coord busy 0.2%
 Network c7_coord-net Creating 
 Network c7_coord-net Creating 
 Network c7_coord-net Created 
 Network c7_coord-net Created 
 Container c7-grpc-proxy-3-1 Creating 
 Container c7-grpc-proxy-2-1 Creating 
 Container c7-grpc-proxy-1-1 Creating 
 Container c7-grpc-proxy-1-1 Created 
 Container c7-grpc-proxy-2-1 Created 
 Container c7-grpc-proxy-3-1 Created 
 Container c7-grpc-proxy-1-1 Starting 
 Container c7-grpc-proxy-2-1 Starting 
 Container c7-grpc-proxy-3-1 Starting 
 Container c7-grpc-proxy-1-1 Started 
 Container c7-grpc-proxy-2-1 Started 
 Container c7-grpc-proxy-3-1 Started 
[15:03:38Z] system B1 ready: {"ok":true,"mode":"external","expected_mode":"external","jwt_header_kid":"3HfosoOuMBbJWoOfxtE_lg","expected_kid":"3HfosoOuMBbJWoOfxtE_lg","expected_from":"signer FetchKeys","pinned_kid":"3HfosoOuMBbJWoOfxtE_lg","alg":"RS256","tokenreview_authenticated":"true","system":"B1","stamp":"B1-20260927T145748Z-try1","switch_seconds":349,"switch_tries":1}
  run3 B1 c=1: 1000 rows, 0 errors; cp busy 18.2%, coord busy 7.2%
  run3 B1 c=10: 1000 rows, 0 errors; cp busy 24.7%, coord busy 16.8%
  run3 B1 c=20: 1000 rows, 0 errors; cp busy 24.4%, coord busy 16.9%
  run3 B1 c=50: 1000 rows, 0 errors; cp busy 23.9%, coord busy 18.2%
summary: benchmark/results/20260927T131349Z-73be90f-7C/summary.md
