LABEL: preliminary, arm64, multi-VM single physical host; netem rows are emulated
== build tokenbench on tk8s (pinned toolchain)
go: downloading k8s.io/api v0.36.5
go: downloading k8s.io/apimachinery v0.36.5
go: downloading k8s.io/client-go v0.36.5
go: downloading k8s.io/utils v0.0.0-20260210185600-b8788abfbbc2
go: downloading sigs.k8s.io/randfill v1.0.0
go: downloading gopkg.in/inf.v0 v0.9.1
go: downloading k8s.io/klog/v2 v2.140.0
go: downloading k8s.io/kube-openapi v0.0.0-20260317180543-43fb72c5454a
go: downloading sigs.k8s.io/structured-merge-diff/v6 v6.3.3
go: downloading sigs.k8s.io/json v0.0.0-20250730193827-2d320260d730
go: downloading github.com/go-logr/logr v1.4.3
go: downloading github.com/spf13/pflag v1.0.9
go: downloading golang.org/x/term v0.44.0
go: downloading github.com/fxamacker/cbor/v2 v2.9.0
go: downloading github.com/google/gnostic-models v0.7.0
go: downloading github.com/munnerz/goautoneg v0.0.0-20191010083416-a7dc8b61c822
go: downloading golang.org/x/time v0.14.0
go: downloading github.com/x448/float16 v0.8.4
go: downloading golang.org/x/oauth2 v0.34.0
go: downloading go.yaml.in/yaml/v3 v3.0.4
go: downloading github.com/davecgh/go-spew v1.1.2-0.20180830191138-d8f796af33cc
go: downloading sigs.k8s.io/yaml v1.6.0
go: downloading github.com/go-openapi/jsonreference v0.20.2
go: downloading gopkg.in/evanphx/json-patch.v4 v4.13.0
go: downloading github.com/go-openapi/swag v0.23.0
go: downloading github.com/google/uuid v1.6.0
go: downloading go.yaml.in/yaml/v2 v2.4.3
go: downloading github.com/json-iterator/go v1.1.12
go: downloading github.com/emicklei/go-restful/v3 v3.13.0
go: downloading github.com/go-openapi/jsonpointer v0.21.0
go: downloading github.com/mailru/easyjson v0.7.7
go: downloading gopkg.in/yaml.v3 v3.0.1
go: downloading github.com/modern-go/concurrent v0.0.0-20180306012644-bacd9c7ef1dd
go: downloading github.com/modern-go/reflect2 v1.0.3-0.20250322232337-35a7c28c31ee
go: downloading github.com/josharian/intern v1.0.0
42fd7ae29aff64c75fd3f16dea43ad0f5bcd60b393fe69f7e8ccb107a5331884  /tmp/tokenbench
== added delay on far hosts: 0ms 
  sig-b enp0s1: qdisc fq_codel 0: root refcnt 2 limit 10240p flows 1024 quantum 1514 target 5ms interval 100ms memory_limit 32Mb ecn drop_batch 64 
  sig-c enp0s1: qdisc fq_codel 0: root refcnt 2 limit 10240p flows 1024 quantum 1514 target 5ms interval 100ms memory_limit 32Mb ecn drop_batch 64 
  signer-1 sig-a 192.168.252.3:8441  ping avg 0.686ms  tcp connect median/min/max 0.488/0.324/0.701 ms
  signer-2 sig-a 192.168.252.3:8442  ping avg 0.789ms  tcp connect median/min/max 0.621/0.430/2.051 ms
  signer-3 sig-b 192.168.252.4:8443  ping avg 0.717ms  tcp connect median/min/max 0.440/0.313/0.800 ms
  signer-4 sig-b 192.168.252.4:8444  ping avg 0.596ms  tcp connect median/min/max 0.517/0.252/1.302 ms
  signer-5 sig-c 192.168.252.5:8445  ping avg 0.653ms  tcp connect median/min/max 0.557/0.365/0.965 ms
== removing netem
  sig-b enp0s1: qdisc fq_codel 0: root refcnt 2 limit 10240p flows 1024 quantum 1514 target 5ms interval 100ms memory_limit 32Mb ecn drop_batch 64 
  sig-c enp0s1: qdisc fq_codel 0: root refcnt 2 limit 10240p flows 1024 quantum 1514 target 5ms interval 100ms memory_limit 32Mb ecn drop_batch 64 
