LABEL: Level 2: 5 regions, one provider (AWS), one account, one operator, one build, one dealer; real WAN, RTT measured per signer (TCP connect from the coordinator host), no netem
clock-check: coord  chrony offset    -0.001 ms (last offset -0.000 ms) [primary]; round-trip skew    +52 ms (exec round trip 83 ms) [secondary]; NTPSynchronized=yes
clock-check: sig-1  chrony offset     0.005 ms (last offset 0.002 ms) [primary]; round-trip skew    +48 ms (exec round trip 96 ms) [secondary]; NTPSynchronized=yes
clock-check: sig-2  chrony offset    -0.002 ms (last offset -0.001 ms) [primary]; round-trip skew    +66 ms (exec round trip 194 ms) [secondary]; NTPSynchronized=yes
clock-check: sig-3  chrony offset     0.000 ms (last offset 0.001 ms) [primary]; round-trip skew   +112 ms (exec round trip 370 ms) [secondary]; NTPSynchronized=yes
clock-check: sig-4  chrony offset    -0.001 ms (last offset -0.005 ms) [primary]; round-trip skew   +118 ms (exec round trip 371 ms) [secondary]; NTPSynchronized=yes
clock-check: sig-5  chrony offset     0.000 ms (last offset 0.001 ms) [primary]; round-trip skew   +157 ms (exec round trip 663 ms) [secondary]; NTPSynchronized=yes
== build tokenbench on coord (pinned toolchain)
384e7e9ff9d30d82837daa60650e5cf873fc130b73f548cf17d3a37f8d0933e9  /tmp/tokenbench
== pre-run RTT (all signers up, 20 s)
  signer-1 15.252.100.66:8441 TCP-connect RTT median 0.723 ms (min 0.651, max 0.937, 20 samples)
  signer-2 13.212.79.145:8441 TCP-connect RTT median 61.241 ms (min 60.343, max 62.558, 20 samples)
  signer-3 18.177.138.238:8441 TCP-connect RTT median 143.766 ms (min 133.471, max 145.984, 20 samples)
  signer-4 35.158.123.209:8441 TCP-connect RTT median 124.783 ms (min 121.222, max 130.197, 20 samples)
  signer-5 54.80.53.92:8441 TCP-connect RTT median 184.669 ms (min 184.293, max 185.202, 20 samples)
  two nearest signers (stopped in far-quorum): 1 2
================ scenario all5 ================
  signer-1: start
  signer-2: start
  signer-3: start
  signer-4: start
  signer-5: start
  coordinators: strategy=strict fanout=all hedge_delay=50ms (verified in all 3 replica logs)
  all5 T3of5-strict-all-L0ms-c1: quorum RTT (3rd nearest running signer) 125.251 ms; coordinator log lines 1100; {"label": "all5/T3of5-strict-all-L0ms-c1", "coordinator_cpu_busy_pct": 14.3, "coordinator_cpu_steal_pct": 0.03, "load1": 0.59, "load5": 0.58}
  all5 T3of5-strict-all-L0ms-c10: quorum RTT (3rd nearest running signer) 124.426 ms; coordinator log lines 1100; {"label": "all5/T3of5-strict-all-L0ms-c10", "coordinator_cpu_busy_pct": 88.9, "coordinator_cpu_steal_pct": 0.01, "load1": 3.69, "load5": 1.44}
  all5 T3of5-strict-all-L0ms-c50: quorum RTT (3rd nearest running signer) 126.304 ms; coordinator log lines 1100; {"label": "all5/T3of5-strict-all-L0ms-c50", "coordinator_cpu_busy_pct": 87.4, "coordinator_cpu_steal_pct": 0.00, "load1": 5.22, "load5": 2.22}
  coordinators: strategy=strict fanout=hedged hedge_delay=50ms (verified in all 3 replica logs)
  all5 T3of5-strict-hedged-L0ms-c1: quorum RTT (3rd nearest running signer) 124.481 ms; coordinator log lines 1100; {"label": "all5/T3of5-strict-hedged-L0ms-c1", "coordinator_cpu_busy_pct": 14.2, "coordinator_cpu_steal_pct": 0.03, "load1": 0.57, "load5": 1.41}
  all5 T3of5-strict-hedged-L0ms-c10: quorum RTT (3rd nearest running signer) 123.973 ms; coordinator log lines 1100; {"label": "all5/T3of5-strict-hedged-L0ms-c10", "coordinator_cpu_busy_pct": 87.5, "coordinator_cpu_steal_pct": 0.00, "load1": 2.50, "load5": 1.83}
  all5 T3of5-strict-hedged-L0ms-c50: quorum RTT (3rd nearest running signer) 124.376 ms; coordinator log lines 1100; {"label": "all5/T3of5-strict-hedged-L0ms-c50", "coordinator_cpu_busy_pct": 86.3, "coordinator_cpu_steal_pct": 0.01, "load1": 4.38, "load5": 2.44}
  coordinators: strategy=optimistic fanout=all hedge_delay=50ms (verified in all 3 replica logs)
  all5 T3of5-optimistic-all-L0ms-c1: quorum RTT (3rd nearest running signer) 125.489 ms; coordinator log lines 1100; {"label": "all5/T3of5-optimistic-all-L0ms-c1", "coordinator_cpu_busy_pct": 6.5, "coordinator_cpu_steal_pct": 0.03, "load1": 0.31, "load5": 1.42}
  all5 T3of5-optimistic-all-L0ms-c10: quorum RTT (3rd nearest running signer) 124.114 ms; coordinator log lines 1100; {"label": "all5/T3of5-optimistic-all-L0ms-c10", "coordinator_cpu_busy_pct": 20.2, "coordinator_cpu_steal_pct": 0.02, "load1": 0.61, "load5": 1.40}
  all5 T3of5-optimistic-all-L0ms-c50: quorum RTT (3rd nearest running signer) 124.066 ms; coordinator log lines 1100; {"label": "all5/T3of5-optimistic-all-L0ms-c50", "coordinator_cpu_busy_pct": 20.4, "coordinator_cpu_steal_pct": 0.04, "load1": 0.44, "load5": 1.31}
  coordinators: strategy=optimistic fanout=hedged hedge_delay=50ms (verified in all 3 replica logs)
  all5 T3of5-optimistic-hedged-L0ms-c1: quorum RTT (3rd nearest running signer) 125.457 ms; coordinator log lines 1100; {"label": "all5/T3of5-optimistic-hedged-L0ms-c1", "coordinator_cpu_busy_pct": 6.3, "coordinator_cpu_steal_pct": 0.03, "load1": 0.19, "load5": 0.83}
  all5 T3of5-optimistic-hedged-L0ms-c10: quorum RTT (3rd nearest running signer) 124.362 ms; coordinator log lines 1100; {"label": "all5/T3of5-optimistic-hedged-L0ms-c10", "coordinator_cpu_busy_pct": 20.3, "coordinator_cpu_steal_pct": 0.04, "load1": 0.12, "load5": 0.76}
  all5 T3of5-optimistic-hedged-L0ms-c50: quorum RTT (3rd nearest running signer) 126.358 ms; coordinator log lines 1100; {"label": "all5/T3of5-optimistic-hedged-L0ms-c50", "coordinator_cpu_busy_pct": 21.1, "coordinator_cpu_steal_pct": 0.02, "load1": 0.65, "load5": 0.84}
================ scenario far-quorum ================
  signer-1: stop
  signer-2: stop
  coordinators: strategy=strict fanout=all hedge_delay=50ms (verified in all 3 replica logs)
  far-quorum T3of5-strict-all-L0ms-c1: quorum RTT (3rd nearest running signer) 184.622 ms; coordinator log lines 1100; {"label": "far-quorum/T3of5-strict-all-L0ms-c1", "coordinator_cpu_busy_pct": 11.3, "coordinator_cpu_steal_pct": 0.03, "load1": 0.06, "load5": 0.42}
  far-quorum T3of5-strict-all-L0ms-c10: quorum RTT (3rd nearest running signer) 184.553 ms; coordinator log lines 1100; {"label": "far-quorum/T3of5-strict-all-L0ms-c10", "coordinator_cpu_busy_pct": 67.1, "coordinator_cpu_steal_pct": 0.01, "load1": 1.05, "load5": 0.64}
  far-quorum T3of5-strict-all-L0ms-c50: quorum RTT (3rd nearest running signer) 184.626 ms; coordinator log lines 1100; {"label": "far-quorum/T3of5-strict-all-L0ms-c50", "coordinator_cpu_busy_pct": 80.5, "coordinator_cpu_steal_pct": 0.00, "load1": 3.31, "load5": 1.28}
  coordinators: strategy=strict fanout=hedged hedge_delay=50ms (verified in all 3 replica logs)
  far-quorum T3of5-strict-hedged-L0ms-c1: quorum RTT (3rd nearest running signer) 184.663 ms; coordinator log lines 1100; {"label": "far-quorum/T3of5-strict-hedged-L0ms-c1", "coordinator_cpu_busy_pct": 11.2, "coordinator_cpu_steal_pct": 0.03, "load1": 0.29, "load5": 0.67}
  far-quorum T3of5-strict-hedged-L0ms-c10: quorum RTT (3rd nearest running signer) 184.741 ms; coordinator log lines 1100; {"label": "far-quorum/T3of5-strict-hedged-L0ms-c10", "coordinator_cpu_busy_pct": 69.9, "coordinator_cpu_steal_pct": 0.01, "load1": 2.04, "load5": 1.09}
  far-quorum T3of5-strict-hedged-L0ms-c50: quorum RTT (3rd nearest running signer) 184.616 ms; coordinator log lines 1100; {"label": "far-quorum/T3of5-strict-hedged-L0ms-c50", "coordinator_cpu_busy_pct": 79.7, "coordinator_cpu_steal_pct": 0.00, "load1": 3.78, "load5": 1.64}
  coordinators: strategy=optimistic fanout=all hedge_delay=50ms (verified in all 3 replica logs)
  far-quorum T3of5-optimistic-all-L0ms-c1: quorum RTT (3rd nearest running signer) 184.669 ms; coordinator log lines 1100; {"label": "far-quorum/T3of5-optimistic-all-L0ms-c1", "coordinator_cpu_busy_pct": 5.5, "coordinator_cpu_steal_pct": 0.03, "load1": 0.51, "load5": 0.87}
  far-quorum T3of5-optimistic-all-L0ms-c10: quorum RTT (3rd nearest running signer) 184.577 ms; coordinator log lines 1100; {"label": "far-quorum/T3of5-optimistic-all-L0ms-c10", "coordinator_cpu_busy_pct": 16.0, "coordinator_cpu_steal_pct": 0.04, "load1": 0.55, "load5": 0.85}
  far-quorum T3of5-optimistic-all-L0ms-c50: quorum RTT (3rd nearest running signer) 184.524 ms; coordinator log lines 1100; {"label": "far-quorum/T3of5-optimistic-all-L0ms-c50", "coordinator_cpu_busy_pct": 19.2, "coordinator_cpu_steal_pct": 0.04, "load1": 0.94, "load5": 0.92}
  coordinators: strategy=optimistic fanout=hedged hedge_delay=50ms (verified in all 3 replica logs)
  far-quorum T3of5-optimistic-hedged-L0ms-c1: quorum RTT (3rd nearest running signer) 184.661 ms; coordinator log lines 1102; {"label": "far-quorum/T3of5-optimistic-hedged-L0ms-c1", "coordinator_cpu_busy_pct": 5.5, "coordinator_cpu_steal_pct": 0.03, "load1": 0.34, "load5": 0.56}
  far-quorum T3of5-optimistic-hedged-L0ms-c10: quorum RTT (3rd nearest running signer) 184.617 ms; coordinator log lines 1105; {"label": "far-quorum/T3of5-optimistic-hedged-L0ms-c10", "coordinator_cpu_busy_pct": 16.4, "coordinator_cpu_steal_pct": 0.04, "load1": 0.87, "load5": 0.65}
  far-quorum T3of5-optimistic-hedged-L0ms-c50: quorum RTT (3rd nearest running signer) 184.513 ms; coordinator log lines 1100; {"label": "far-quorum/T3of5-optimistic-hedged-L0ms-c50", "coordinator_cpu_busy_pct": 19.0, "coordinator_cpu_steal_pct": 0.04, "load1": 0.62, "load5": 0.61}
  signer-1: start
  signer-2: start
  signer-3: start
  signer-4: start
  signer-5: start
================ pod scale-up (T-optimistic-hedged) ================
   T-optimistic-hedged n=50 rep=1: {"system": "T-optimistic-hedged", "replicas": 50, "rep": 1, "ms_to_all_ready": 12490, "all_ready": true, "ready_replicas": 50, "cpu_busy_pct": 99.3, "cpu_steal_pct": 0.00, "load1": 7.60, "load5": 2.10, "cooldown_s": 0, "load1_at_start": 0.44, "cooldown_reached": true}
   T-optimistic-hedged n=50 rep=2: {"system": "T-optimistic-hedged", "replicas": 50, "rep": 2, "ms_to_all_ready": 16991, "all_ready": true, "ready_replicas": 50, "cpu_busy_pct": 99.4, "cpu_steal_pct": 0.00, "load1": 27.77, "load5": 7.54, "cooldown_s": 140, "load1_at_start": 0.98, "cooldown_reached": true}
   T-optimistic-hedged n=50 rep=3: {"system": "T-optimistic-hedged", "replicas": 50, "rep": 3, "ms_to_all_ready": 15852, "all_ready": true, "ready_replicas": 50, "cpu_busy_pct": 98.8, "cpu_steal_pct": 0.00, "load1": 20.74, "load5": 8.31, "cooldown_s": 206, "load1_at_start": 0.94, "cooldown_reached": true}
   T-optimistic-hedged n=100 rep=1: {"system": "T-optimistic-hedged", "replicas": 100, "rep": 1, "ms_to_all_ready": 35031, "all_ready": true, "ready_replicas": 100, "cpu_busy_pct": 99.6, "cpu_steal_pct": 0.00, "load1": 43.31, "load5": 14.95, "cooldown_s": 185, "load1_at_start": 0.99, "cooldown_reached": true}
   T-optimistic-hedged n=100 rep=2: {"system": "T-optimistic-hedged", "replicas": 100, "rep": 2, "ms_to_all_ready": 36635, "all_ready": true, "ready_replicas": 100, "cpu_busy_pct": 99.6, "cpu_steal_pct": 0.00, "load1": 45.92, "load5": 16.95, "cooldown_s": 231, "load1_at_start": 0.94, "cooldown_reached": true}
   T-optimistic-hedged n=100 rep=3: {"system": "T-optimistic-hedged", "replicas": 100, "rep": 3, "ms_to_all_ready": 34657, "all_ready": true, "ready_replicas": 100, "cpu_busy_pct": 99.7, "cpu_steal_pct": 0.00, "load1": 37.09, "load5": 16.32, "cooldown_s": 215, "load1_at_start": 0.97, "cooldown_reached": true}
================ pod scale-up (T-strict-all) ================
   T-strict-all n=50 rep=1: {"system": "T-strict-all", "replicas": 50, "rep": 1, "ms_to_all_ready": 16067, "all_ready": true, "ready_replicas": 50, "cpu_busy_pct": 99.5, "cpu_steal_pct": 0.00, "load1": 12.03, "load5": 10.43, "cooldown_s": 221, "load1_at_start": 0.93, "cooldown_reached": true}
   T-strict-all n=50 rep=2: {"system": "T-strict-all", "replicas": 50, "rep": 2, "ms_to_all_ready": 15808, "all_ready": true, "ready_replicas": 50, "cpu_busy_pct": 99.7, "cpu_steal_pct": 0.00, "load1": 7.87, "load5": 7.56, "cooldown_s": 151, "load1_at_start": 0.95, "cooldown_reached": true}
   T-strict-all n=50 rep=3: {"system": "T-strict-all", "replicas": 50, "rep": 3, "ms_to_all_ready": 17562, "all_ready": true, "ready_replicas": 50, "cpu_busy_pct": 99.5, "cpu_steal_pct": 0.00, "load1": 18.42, "load5": 8.55, "cooldown_s": 136, "load1_at_start": 0.92, "cooldown_reached": true}
   T-strict-all n=100 rep=1: {"system": "T-strict-all", "replicas": 100, "rep": 1, "ms_to_all_ready": 43096, "all_ready": true, "ready_replicas": 100, "cpu_busy_pct": 99.8, "cpu_steal_pct": 0.00, "load1": 45.52, "load5": 15.40, "cooldown_s": 185, "load1_at_start": 0.93, "cooldown_reached": true}
   T-strict-all n=100 rep=2: {"system": "T-strict-all", "replicas": 100, "rep": 2, "ms_to_all_ready": 38061, "all_ready": true, "ready_replicas": 100, "cpu_busy_pct": 99.8, "cpu_steal_pct": 0.01, "load1": 44.75, "load5": 17.80, "cooldown_s": 225, "load1_at_start": 0.98, "cooldown_reached": true}
   T-strict-all n=100 rep=3: {"system": "T-strict-all", "replicas": 100, "rep": 3, "ms_to_all_ready": 41083, "all_ready": true, "ready_replicas": 100, "cpu_busy_pct": 93.3, "cpu_steal_pct": 0.00, "load1": 22.59, "load5": 13.62, "cooldown_s": 226, "load1_at_start": 0.98, "cooldown_reached": true}
invalid events: 0; excluded after two invalid attempts: []
== results: benchmark/results/20260926T194921Z-8be7ca6-multihost-L2
# Phase 7B Level 2: T 3-of-5 across 5 AWS regions

> LABEL: Level 2: 5 regions, one provider (AWS), one account, one operator, one build, one dealer; real WAN, RTT measured per signer (TCP connect from the coordinator host), no netem. Coordinator aws:ap-south-1a:m7i-flex.large; signers: 1=aws:ap-south-1b:t3.micro 2=aws:ap-southeast-1a:t3.micro 3=aws:ap-northeast-1a:t3.micro 4=aws:eu-central-1a:t3.micro 5=aws:us-east-1a:t3.micro . Tags: <scenario>-<strategy>-<fanout>; far-quorum = signers 1 2 (lowest measured RTT) stopped. Configured netem column is always 0 (no netem); rows are labelled by the MEASURED quorum RTT during the run.

Generated by `benchmark/summarize` from the raw CSVs and RTT measurements listed at the end. Latencies in ms; percentiles are nearest-rank over successful requests; **goodput** = successful requests / (last end − first start over ALL requests of the run); offered = all completed requests over the same window; failed p95 = p95 latency of failed requests. **Measured quorum RTT** = 3rd-smallest per-signer RTT from the coordinator host (a 3-of-5 quorum waits for the 3rd share); the configured netem delay is a knob, not a measurement (NOTES N45). Every configuration run is listed, including the worst.

## Side by side

Each cell: measured quorum RTT → median / p95 latency of successful requests, error %, **goodput** (successful tokens/s over the whole run), p95 of failed requests (fail-fast check).

| Concurrency | Configured netem (ms) | all5-strict-all | all5-strict-hedged | all5-optimistic-all | all5-optimistic-hedged | far-quorum-strict-all | far-quorum-strict-hedged | far-quorum-optimistic-all | far-quorum-optimistic-hedged |
|---:|---:|---|---|---|---|---|---|---|---|
| 1 | 0 | RTT 125.3 → 155.2 / 158.4 ms, **0.0% err**, goodput **6.4**/s, fail-p95 – ms; coordinator 151.3 / 154.0 ms (client − coordinator median 3.9 ms) | RTT 124.5 → 159.6 / 174.9 ms, **0.0% err**, goodput **6.2**/s, fail-p95 – ms; coordinator 155.6 / 171.1 ms (client − coordinator median 4.0 ms) | RTT 125.5 → 148.0 / 149.8 ms, **0.0% err**, goodput **6.7**/s, fail-p95 – ms; coordinator 144.3 / 145.5 ms (client − coordinator median 3.7 ms) | RTT 125.5 → 150.9 / 168.4 ms, **0.0% err**, goodput **6.5**/s, fail-p95 – ms; coordinator 146.9 / 164.4 ms (client − coordinator median 4.1 ms) | RTT 184.6 → 215.8 / 219.7 ms, **0.0% err**, goodput **4.6**/s, fail-p95 – ms; coordinator 212.1 / 216.1 ms (client − coordinator median 3.7 ms) | RTT 184.7 → 216.0 / 222.0 ms, **0.0% err**, goodput **4.6**/s, fail-p95 – ms; coordinator 212.3 / 217.6 ms (client − coordinator median 3.7 ms) | RTT 184.7 → 207.4 / 210.7 ms, **0.0% err**, goodput **4.8**/s, fail-p95 – ms; coordinator 203.8 / 207.1 ms (client − coordinator median 3.7 ms) | RTT 184.7 → 207.6 / 211.1 ms, **0.0% err**, goodput **4.8**/s, fail-p95 – ms; coordinator 204.0 / 207.5 ms (client − coordinator median 3.7 ms) |
| 10 | 0 | RTT 124.4 → 329.7 / 581.4 ms, **0.0% err**, goodput **28.5**/s, fail-p95 – ms; coordinator 266.1 / 442.5 ms (client − coordinator median 63.6 ms) | RTT 124.0 → 330.5 / 517.9 ms, **0.0% err**, goodput **29.4**/s, fail-p95 – ms; coordinator 270.2 / 409.8 ms (client − coordinator median 60.3 ms) | RTT 124.1 → 158.6 / 167.6 ms, **0.0% err**, goodput **62.3**/s, fail-p95 – ms; coordinator 154.3 / 163.1 ms (client − coordinator median 4.3 ms) | RTT 124.4 → 179.4 / 216.7 ms, **0.0% err**, goodput **54.5**/s, fail-p95 – ms; coordinator 175.9 / 212.9 ms (client − coordinator median 3.6 ms) | RTT 184.6 → 303.3 / 413.3 ms, **0.0% err**, goodput **31.8**/s, fail-p95 – ms; coordinator 287.5 / 389.3 ms (client − coordinator median 15.8 ms) | RTT 184.7 → 303.0 / 409.8 ms, **0.0% err**, goodput **32.3**/s, fail-p95 – ms; coordinator 287.5 / 378.8 ms (client − coordinator median 15.6 ms) | RTT 184.6 → 218.7 / 223.4 ms, **0.0% err**, goodput **45.5**/s, fail-p95 – ms; coordinator 214.4 / 219.7 ms (client − coordinator median 4.3 ms) | RTT 184.6 → 219.1 / 235.3 ms, **0.0% err**, goodput **45.3**/s, fail-p95 – ms; coordinator 214.8 / 231.1 ms (client − coordinator median 4.2 ms) |
| 50 | 0 | RTT 126.3 → 1899.1 / 2570.2 ms, **0.8% err**, goodput **25.8**/s, fail-p95 2339.0 ms; coordinator 1254.1 / 1772.2 ms (client − coordinator median 645.0 ms) | RTT 124.4 → 1859.6 / 2727.5 ms, **1.9% err**, goodput **25.9**/s, fail-p95 3195.1 ms; coordinator 1250.0 / 1862.7 ms (client − coordinator median 609.6 ms) | RTT 124.1 → 724.5 / 744.8 ms, **0.0% err**, goodput **68.6**/s, fail-p95 – ms; coordinator 719.9 / 739.9 ms (client − coordinator median 4.5 ms) | RTT 126.4 → 722.1 / 752.3 ms, **0.0% err**, goodput **69.2**/s, fail-p95 – ms; coordinator 718.3 / 748.8 ms (client − coordinator median 3.8 ms) | RTT 184.6 → 1228.4 / 1691.7 ms, **0.0% err**, goodput **41.2**/s, fail-p95 – ms; coordinator 926.3 / 1373.0 ms (client − coordinator median 302.2 ms) | RTT 184.6 → 1187.4 / 1686.0 ms, **0.1% err**, goodput **40.7**/s, fail-p95 2236.6 ms; coordinator 917.5 / 1394.4 ms (client − coordinator median 269.9 ms) | RTT 184.5 → 725.2 / 744.2 ms, **0.0% err**, goodput **68.0**/s, fail-p95 – ms; coordinator 721.0 / 737.9 ms (client − coordinator median 4.2 ms) | RTT 184.5 → 726.3 / 1126.0 ms, **0.0% err**, goodput **64.3**/s, fail-p95 – ms; coordinator 722.9 / 1116.5 ms (client − coordinator median 3.4 ms) |

## All configurations

| Set | Measured quorum RTT (ms) | RTT measured | Configured netem (ms) | Configuration | N | errors | error % | median | p95 | p99 | mean | stddev | min | max | goodput (ok/s, whole run) | offered (all/s) | failed p95 | coordinator signed | coordinator p50 | coordinator p95 | client − coordinator median | coordinator sign failed | coordinator failed p95 |
|---|---:|---|---:|---|---:|---:|---:|---:|---:|---:|---:|---:|---:|---:|---:|---:|---:|---:|---:|---:|---:|---:|---:|
| all5-strict-all | 125.3 | during run | 0 | T3of5-strict-all-L0ms-c1 | 1000 | 0 | 0.0 | 155.2 | 158.4 | 166.2 | 155.9 | 3.8 | 153.5 | 213.9 | 6.4 | 6.4 | – | 1000 | 151.3 | 154.0 | 3.9 | 0 | – |
| all5-strict-all | 124.4 | during run | 0 | T3of5-strict-all-L0ms-c10 | 1000 | 0 | 0.0 | 329.7 | 581.4 | 668.0 | 350.2 | 129.6 | 169.4 | 801.1 | 28.5 | 28.5 | – | 1000 | 266.1 | 442.5 | 63.6 | 0 | – |
| all5-strict-all | 126.3 | during run | 0 | T3of5-strict-all-L0ms-c50 | 1000 | 8 | 0.8 | 1899.1 | 2570.2 | 2890.8 | 1897.0 | 435.7 | 254.4 | 3435.2 | 25.8 | 26.0 | 2339.0 | 992 | 1254.1 | 1772.2 | 645.0 | 8 | 2020.7 |
| all5-strict-hedged | 124.5 | during run | 0 | T3of5-strict-hedged-L0ms-c1 | 1000 | 0 | 0.0 | 159.6 | 174.9 | 187.9 | 161.6 | 8.3 | 153.0 | 242.7 | 6.2 | 6.2 | – | 1000 | 155.6 | 171.1 | 4.0 | 0 | – |
| all5-strict-hedged | 124.0 | during run | 0 | T3of5-strict-hedged-L0ms-c10 | 1000 | 0 | 0.0 | 330.5 | 517.9 | 630.9 | 339.9 | 104.7 | 168.3 | 786.0 | 29.4 | 29.4 | – | 1000 | 270.2 | 409.8 | 60.3 | 0 | – |
| all5-strict-hedged | 124.4 | during run | 0 | T3of5-strict-hedged-L0ms-c50 | 1000 | 19 | 1.9 | 1859.6 | 2727.5 | 3096.9 | 1855.6 | 531.5 | 222.4 | 3510.3 | 25.9 | 26.4 | 3195.1 | 981 | 1250.0 | 1862.7 | 609.6 | 19 | 2020.2 |
| all5-optimistic-all | 125.5 | during run | 0 | T3of5-optimistic-all-L0ms-c1 | 1000 | 0 | 0.0 | 148.0 | 149.8 | 179.4 | 148.6 | 5.2 | 146.1 | 218.8 | 6.7 | 6.7 | – | 1000 | 144.3 | 145.5 | 3.7 | 0 | – |
| all5-optimistic-all | 124.1 | during run | 0 | T3of5-optimistic-all-L0ms-c10 | 1000 | 0 | 0.0 | 158.6 | 167.6 | 184.4 | 159.8 | 8.5 | 146.7 | 275.6 | 62.3 | 62.3 | – | 1000 | 154.3 | 163.1 | 4.3 | 0 | – |
| all5-optimistic-all | 124.1 | during run | 0 | T3of5-optimistic-all-L0ms-c50 | 1000 | 0 | 0.0 | 724.5 | 744.8 | 759.0 | 711.9 | 63.5 | 174.0 | 812.5 | 68.6 | 68.6 | – | 1000 | 719.9 | 739.9 | 4.5 | 0 | – |
| all5-optimistic-hedged | 125.5 | during run | 0 | T3of5-optimistic-hedged-L0ms-c1 | 1000 | 0 | 0.0 | 150.9 | 168.4 | 183.6 | 154.0 | 9.4 | 145.8 | 250.4 | 6.5 | 6.5 | – | 1000 | 146.9 | 164.4 | 4.1 | 0 | – |
| all5-optimistic-hedged | 124.4 | during run | 0 | T3of5-optimistic-hedged-L0ms-c10 | 1000 | 0 | 0.0 | 179.4 | 216.7 | 252.1 | 182.4 | 21.3 | 146.6 | 278.2 | 54.5 | 54.5 | – | 1000 | 175.9 | 212.9 | 3.6 | 0 | – |
| all5-optimistic-hedged | 126.4 | during run | 0 | T3of5-optimistic-hedged-L0ms-c50 | 1000 | 0 | 0.0 | 722.1 | 752.3 | 764.0 | 705.8 | 73.4 | 172.7 | 786.3 | 69.2 | 69.2 | – | 1000 | 718.3 | 748.8 | 3.8 | 0 | – |
| far-quorum-strict-all | 184.6 | during run | 0 | T3of5-strict-all-L0ms-c1 | 1000 | 0 | 0.0 | 215.8 | 219.7 | 263.6 | 217.2 | 8.5 | 214.2 | 349.0 | 4.6 | 4.6 | – | 1000 | 212.1 | 216.1 | 3.7 | 0 | – |
| far-quorum-strict-all | 184.6 | during run | 0 | T3of5-strict-all-L0ms-c10 | 1000 | 0 | 0.0 | 303.3 | 413.3 | 659.3 | 313.4 | 77.1 | 214.3 | 780.0 | 31.8 | 31.8 | – | 1000 | 287.5 | 389.3 | 15.8 | 0 | – |
| far-quorum-strict-all | 184.6 | during run | 0 | T3of5-strict-all-L0ms-c50 | 1000 | 0 | 0.0 | 1228.4 | 1691.7 | 1883.7 | 1203.3 | 325.2 | 245.9 | 2196.0 | 41.2 | 41.2 | – | 1000 | 926.3 | 1373.0 | 302.2 | 0 | – |
| far-quorum-strict-hedged | 184.7 | during run | 0 | T3of5-strict-hedged-L0ms-c1 | 1000 | 0 | 0.0 | 216.0 | 222.0 | 260.3 | 217.6 | 8.9 | 214.4 | 357.8 | 4.6 | 4.6 | – | 1000 | 212.3 | 217.6 | 3.7 | 0 | – |
| far-quorum-strict-hedged | 184.7 | during run | 0 | T3of5-strict-hedged-L0ms-c10 | 1000 | 0 | 0.0 | 303.0 | 409.8 | 445.0 | 308.5 | 58.6 | 215.4 | 530.3 | 32.3 | 32.3 | – | 1000 | 287.5 | 378.8 | 15.6 | 0 | – |
| far-quorum-strict-hedged | 184.6 | during run | 0 | T3of5-strict-hedged-L0ms-c50 | 1000 | 1 | 0.1 | 1187.4 | 1686.0 | 2019.7 | 1212.1 | 285.8 | 272.6 | 2455.4 | 40.7 | 40.8 | 2236.6 | 999 | 917.5 | 1394.4 | 269.9 | 1 | 2012.9 |
| far-quorum-optimistic-all | 184.7 | during run | 0 | T3of5-optimistic-all-L0ms-c1 | 1000 | 0 | 0.0 | 207.4 | 210.7 | 254.9 | 209.1 | 9.3 | 206.3 | 326.5 | 4.8 | 4.8 | – | 1000 | 203.8 | 207.1 | 3.7 | 0 | – |
| far-quorum-optimistic-all | 184.6 | during run | 0 | T3of5-optimistic-all-L0ms-c10 | 1000 | 0 | 0.0 | 218.7 | 223.4 | 258.4 | 218.9 | 10.1 | 206.1 | 339.4 | 45.5 | 45.5 | – | 1000 | 214.4 | 219.7 | 4.3 | 0 | – |
| far-quorum-optimistic-all | 184.5 | during run | 0 | T3of5-optimistic-all-L0ms-c50 | 1000 | 0 | 0.0 | 725.2 | 744.2 | 832.6 | 718.2 | 52.8 | 217.7 | 947.8 | 68.0 | 68.0 | – | 1000 | 721.0 | 737.9 | 4.2 | 0 | – |
| far-quorum-optimistic-hedged | 184.7 | during run | 0 | T3of5-optimistic-hedged-L0ms-c1 | 1000 | 0 | 0.0 | 207.6 | 211.1 | 270.9 | 209.5 | 10.5 | 206.4 | 340.4 | 4.8 | 4.8 | – | 1002 | 204.0 | 207.5 | 3.7 | 0 | – |
| far-quorum-optimistic-hedged | 184.6 | during run | 0 | T3of5-optimistic-hedged-L0ms-c10 | 1000 | 0 | 0.0 | 219.1 | 235.3 | 255.7 | 220.0 | 10.5 | 206.0 | 339.1 | 45.3 | 45.3 | – | 1005 | 214.8 | 231.1 | 4.2 | 0 | – |
| far-quorum-optimistic-hedged | 184.5 | during run | 0 | T3of5-optimistic-hedged-L0ms-c50 | 1000 | 0 | 0.0 | 726.3 | 1126.0 | 1527.3 | 761.6 | 164.3 | 240.1 | 1563.4 | 64.3 | 64.3 | – | 1000 | 722.9 | 1116.5 | 3.4 | 0 | – |

Errors:
- `all5-strict-all/T3of5-strict-all-L0ms-c50`: 8 errors; first: `Internal error occurred: failed to generate token: while signing jwt: rpc error: code = Unavailable desc = token signing failed: threshold not met`
- `all5-strict-hedged/T3of5-strict-hedged-L0ms-c50`: 19 errors; first: `Internal error occurred: failed to generate token: while signing jwt: rpc error: code = Unavailable desc = token signing failed: threshold not met`
- `far-quorum-strict-hedged/T3of5-strict-hedged-L0ms-c50`: 1 errors; first: `Internal error occurred: failed to generate token: while signing jwt: rpc error: code = Unavailable desc = token signing failed: threshold not met`

## Pod scale-up (B0 vs B1 vs T)

A Deployment of pause pods, each with one projected service account token (automount off), scaled from 0 on an otherwise idle cluster. **Time to Ready** = from the `kubectl scale` command until `readyReplicas` equals the target (median of repetitions, [min–max]). **Token latency** = kube-apiserver audit `stageTimestamp − requestReceivedTimestamp` of each kubelet TokenRequest, pooled over the repetitions (nearest-rank). **Coordinator** columns (T only) come from the coordinators' `signed` / `sign failed` log lines; **signer 503s** counts `HTTP 503` (signer at capacity/shed) in those lines. CPU = host busy % over the scale window.

| Replicas | System | reps | time to all Ready (s): median [min–max] | TokenRequests per rep (median) | token errors (all reps) | token latency p50 / p95 / max (ms) | coordinator latency p50 / p95 (ms) | coordinator sign failures | signer 503s | CPU busy % (median) | load1 (median) | cooldown before rep (s): median [min–max]; load1 at start (median) | note |
|---:|---|---:|---|---:|---:|---|---|---:|---:|---:|---:|---|---|
| 50 | T-optimistic-hedged | 3 | 15.9 [12.5–17.0] | 50.0 | 0 | 316.3 / 552.0 / 666.5 | – / – | 0 | 0 | 99.3 | 20.7 | 140.0 [0.0–206.0]; load1 0.9 |  |
| 50 | T-strict-all | 3 | 16.1 [15.8–17.6] | 68.0 | 47 | 2063.4 / 3367.3 / 4242.6 | – / – | 0 | 0 | 99.5 | 12.0 | 151.0 [136.0–221.0]; load1 0.9 |  |
| 100 | T-optimistic-hedged | 3 | 35.0 [34.7–36.6] | 100.0 | 0 | 270.4 / 633.0 / 800.1 | – / – | 0 | 0 | 99.6 | 43.3 | 215.0 [185.0–231.0]; load1 1.0 |  |
| 100 | T-strict-all | 3 | 41.1 [38.1–43.1] | 357.0 | 815 | 1239.0 / 3913.8 / 5501.0 | – / – | 0 | 0 | 99.8 | 44.8 | 225.0 [185.0–226.0]; load1 1.0 |  |

Source CSVs:
- `benchmark/results/20260926T194921Z-8be7ca6-multihost-L2/all5/T3of5-strict-all-L0ms-c1.csv` (all5-strict-all)
- `benchmark/results/20260926T194921Z-8be7ca6-multihost-L2/all5/T3of5-strict-all-L0ms-c10.csv` (all5-strict-all)
- `benchmark/results/20260926T194921Z-8be7ca6-multihost-L2/all5/T3of5-strict-all-L0ms-c50.csv` (all5-strict-all)
- `benchmark/results/20260926T194921Z-8be7ca6-multihost-L2/all5/T3of5-strict-hedged-L0ms-c1.csv` (all5-strict-hedged)
- `benchmark/results/20260926T194921Z-8be7ca6-multihost-L2/all5/T3of5-strict-hedged-L0ms-c10.csv` (all5-strict-hedged)
- `benchmark/results/20260926T194921Z-8be7ca6-multihost-L2/all5/T3of5-strict-hedged-L0ms-c50.csv` (all5-strict-hedged)
- `benchmark/results/20260926T194921Z-8be7ca6-multihost-L2/all5/T3of5-optimistic-all-L0ms-c1.csv` (all5-optimistic-all)
- `benchmark/results/20260926T194921Z-8be7ca6-multihost-L2/all5/T3of5-optimistic-all-L0ms-c10.csv` (all5-optimistic-all)
- `benchmark/results/20260926T194921Z-8be7ca6-multihost-L2/all5/T3of5-optimistic-all-L0ms-c50.csv` (all5-optimistic-all)
- `benchmark/results/20260926T194921Z-8be7ca6-multihost-L2/all5/T3of5-optimistic-hedged-L0ms-c1.csv` (all5-optimistic-hedged)
- `benchmark/results/20260926T194921Z-8be7ca6-multihost-L2/all5/T3of5-optimistic-hedged-L0ms-c10.csv` (all5-optimistic-hedged)
- `benchmark/results/20260926T194921Z-8be7ca6-multihost-L2/all5/T3of5-optimistic-hedged-L0ms-c50.csv` (all5-optimistic-hedged)
- `benchmark/results/20260926T194921Z-8be7ca6-multihost-L2/far-quorum/T3of5-strict-all-L0ms-c1.csv` (far-quorum-strict-all)
- `benchmark/results/20260926T194921Z-8be7ca6-multihost-L2/far-quorum/T3of5-strict-all-L0ms-c10.csv` (far-quorum-strict-all)
- `benchmark/results/20260926T194921Z-8be7ca6-multihost-L2/far-quorum/T3of5-strict-all-L0ms-c50.csv` (far-quorum-strict-all)
- `benchmark/results/20260926T194921Z-8be7ca6-multihost-L2/far-quorum/T3of5-strict-hedged-L0ms-c1.csv` (far-quorum-strict-hedged)
- `benchmark/results/20260926T194921Z-8be7ca6-multihost-L2/far-quorum/T3of5-strict-hedged-L0ms-c10.csv` (far-quorum-strict-hedged)
- `benchmark/results/20260926T194921Z-8be7ca6-multihost-L2/far-quorum/T3of5-strict-hedged-L0ms-c50.csv` (far-quorum-strict-hedged)
- `benchmark/results/20260926T194921Z-8be7ca6-multihost-L2/far-quorum/T3of5-optimistic-all-L0ms-c1.csv` (far-quorum-optimistic-all)
- `benchmark/results/20260926T194921Z-8be7ca6-multihost-L2/far-quorum/T3of5-optimistic-all-L0ms-c10.csv` (far-quorum-optimistic-all)
- `benchmark/results/20260926T194921Z-8be7ca6-multihost-L2/far-quorum/T3of5-optimistic-all-L0ms-c50.csv` (far-quorum-optimistic-all)
- `benchmark/results/20260926T194921Z-8be7ca6-multihost-L2/far-quorum/T3of5-optimistic-hedged-L0ms-c1.csv` (far-quorum-optimistic-hedged)
- `benchmark/results/20260926T194921Z-8be7ca6-multihost-L2/far-quorum/T3of5-optimistic-hedged-L0ms-c10.csv` (far-quorum-optimistic-hedged)
- `benchmark/results/20260926T194921Z-8be7ca6-multihost-L2/far-quorum/T3of5-optimistic-hedged-L0ms-c50.csv` (far-quorum-optimistic-hedged)
== restoring all signers
  signer-1: start
  signer-2: start
  signer-3: start
  signer-4: start
  signer-5: start
