
================ Environment ================
git commit: 2e05943d5c36f93990403a628fc85e0dc47e5c5d
date (UTC): 20260924T162120Z
Linux tk8s 6.8.0-139-generic #139-Ubuntu SMP PREEMPT_DYNAMIC Sat Aug  1 03:32:48 UTC 2026 aarch64 aarch64 aarch64 GNU/Linux
cpus: 4
               total        used        free      shared  buff/cache   available
Mem:           7.7Gi       504Mi       2.0Gi       1.2Mi       5.4Gi       7.2Gi
docker engine 29.8.1
kind v0.31.0 go1.25.5 linux/arm64
Client Version: v1.36.5
go version go1.27.1 linux/arm64
verify strategy: strict, sign deadline: 2s

================ Setup: fresh certs, key ceremony, signer stack ================
Generated in secrets/:
  coordinator/tls.crt          DNS:coordinator  sha256=E7:F6:16:39:9D:E4:0C:9A:B7:38:3A:84:B6:3A:8E:AD:EE:98:52:E6:10:5B:4C:16:14:33:83:11:CD:35:FB:A3
  signer-1/tls.crt             DNS:signer-1  sha256=56:C4:BD:1C:08:70:76:96:88:36:E1:B9:6F:06:ED:9C:10:80:10:A0:05:7D:A3:12:A2:47:2A:84:33:9C:D3:BB
  signer-2/tls.crt             DNS:signer-2  sha256=34:23:1F:23:70:CA:19:1C:CB:49:21:08:74:A7:C9:EE:03:7F:31:92:0A:DD:BA:0D:E1:0E:34:15:09:EF:F1:F3
  signer-3/tls.crt             DNS:signer-3  sha256=04:DA:1B:DF:23:B9:3C:AA:45:AA:30:1F:50:91:3A:B2:4A:9B:6E:3A:9F:A7:E1:00:A0:8F:85:05:E8:DA:2B:FA
  signer-4/tls.crt             DNS:signer-4  sha256=F5:C9:9C:77:7E:1B:EF:5A:9A:6F:1C:D7:43:9C:30:F6:4C:C1:25:D8:77:0F:5E:4A:FC:1C:99:79:F3:46:D0:4B
  signer-5/tls.crt             DNS:signer-5  sha256=6F:BE:43:B3:47:60:9F:77:8F:5D:94:C8:B8:C1:07:6B:30:90:C2:93:30:7E:BE:DE:DA:73:BC:08:20:E6:E1:29
CA private key: secrets/ca/ca.key (keep offline; never mount or copy into an image)
Generating 3-of-5 threshold RSA key, 2048-bit modulus (safe primes; this can take minutes)...
Generated in 2m2.97s
kid: CDocGiHEBw5IiS26Az0wsw
threshold: 3 of 5, modulus: 2048 bits
SHA-256 of outputs:
  835def0b45c64889201f9e087c8cd0b7e4a0cb80eed6aa345197cd644d1ee2ab  secrets/keys/public-meta.json
  632430174e9cd03d4e3323cf0ae30cc1919843874a3614ed0025501a55612a95  secrets/keys/share-1.json
  c3ebf92124c60e34adb8af882c205fa30df0371e25ffb8de6efbaa565690b7c4  secrets/keys/share-2.json
  c15bc967aafc564de5e3c20acf90aa6605dce5bf3e307dbd0d2c7d31a8463a6b  secrets/keys/share-3.json
  96cc7dcbf8b06854c089700ba3d028c5faabff24ec301586f3f8032f6830bb95  secrets/keys/share-4.json
  78a319868891fa67cd6673402bc435a4bd3f3229c820f4a1c8bf9537b7a68c63  secrets/keys/share-5.json
Distribute each share-<i>.json to signer <i> only, then securely delete secrets/keys (docs/KEY_CEREMONY.md).
kid: CDocGiHEBw5IiS26Az0wsw
 Image frost-k8s/signer:dev Building 
 Image frost-k8s/signer:dev Building 
 Image frost-k8s/coordinator:dev Building 
 Image frost-k8s/signer:dev Building 
 Image frost-k8s/signer:dev Building 
 Image frost-k8s/signer:dev Building 
 Image frost-k8s/coordinator:dev Building 
 Image frost-k8s/coordinator:dev Building 
 Image frost-k8s/signer:dev Built 
 Image frost-k8s/coordinator:dev Built 
 Image frost-k8s/signer:dev Built 
 Image frost-k8s/coordinator:dev Built 
 Image frost-k8s/signer:dev Built 
 Image frost-k8s/signer:dev Built 
 Image frost-k8s/coordinator:dev Built 
 Image frost-k8s/signer:dev Built 
 Image nginx:1.29-alpine Pulling 
 d17f077ada11 Pulling fs layer 0B
 634f1d1ce0f7 Pulling fs layer 0B
 662c8d6f6620 Pulling fs layer 0B
 83fbf849ee89 Pulling fs layer 0B
 910c2a6cad6d Pulling fs layer 0B
 a89d14ef5abe Pulling fs layer 0B
 a96b658a00fe Pulling fs layer 0B
 10cbc192f783 Pulling fs layer 0B
 83fbf849ee89 Download complete 0B
 d17f077ada11 Downloading 2.097MB
 10cbc192f783 Download complete 0B
 d17f077ada11 Downloading 3.146MB
 d17f077ada11 Downloading 3.146MB
 d17f077ada11 Download complete 0B
 a89d14ef5abe Download complete 0B
 d17f077ada11 Extracting 1B
 910c2a6cad6d Downloading 1.049MB
 d17f077ada11 Extracting 1B
 910c2a6cad6d Downloading 1.049MB
 d17f077ada11 Extracting 1B
 910c2a6cad6d Download complete 0B
 d17f077ada11 Extracting 1B
 d17f077ada11 Extracting 1B
 662c8d6f6620 Downloading 1.049MB
 d17f077ada11 Extracting 1B
 662c8d6f6620 Downloading 1.049MB
 d17f077ada11 Extracting 1B
 662c8d6f6620 Downloading 2.097MB
 d17f077ada11 Extracting 1B
 662c8d6f6620 Downloading 2.097MB
 d17f077ada11 Extracting 1B
 662c8d6f6620 Downloading 2.097MB
 d17f077ada11 Extracting 1B
 662c8d6f6620 Downloading 3.146MB
 a96b658a00fe Download complete 0B
 d17f077ada11 Extracting 2B
 662c8d6f6620 Downloading 3.146MB
 d17f077ada11 Extracting 2B
 662c8d6f6620 Downloading 4.194MB
 d17f077ada11 Extracting 2B
 634f1d1ce0f7 Download complete 0B
 662c8d6f6620 Downloading 4.194MB
 d17f077ada11 Extracting 2B
 662c8d6f6620 Downloading 4.194MB
 d17f077ada11 Pull complete 0B
 a89d14ef5abe Pull complete 0B
 910c2a6cad6d Pull complete 0B
 662c8d6f6620 Downloading 5.243MB
 83fbf849ee89 Pull complete 0B
 10cbc192f783 Pull complete 0B
 a96b658a00fe Pull complete 0B
 634f1d1ce0f7 Pull complete 0B
 662c8d6f6620 Downloading 5.243MB
 662c8d6f6620 Downloading 6.291MB
 662c8d6f6620 Downloading 6.291MB
 6fe7ecffd0b2 Download complete 0B
 662c8d6f6620 Downloading 6.291MB
 662c8d6f6620 Downloading 7.34MB
 662c8d6f6620 Downloading 7.34MB
 59993c59bb89 Download complete 0B
 662c8d6f6620 Downloading 8.389MB
 662c8d6f6620 Downloading 8.389MB
 662c8d6f6620 Downloading 8.389MB
 662c8d6f6620 Downloading 9.437MB
 662c8d6f6620 Downloading 9.437MB
 662c8d6f6620 Downloading 10.49MB
 662c8d6f6620 Downloading 10.49MB
 662c8d6f6620 Downloading 11.53MB
 662c8d6f6620 Downloading 11.53MB
 662c8d6f6620 Downloading 12.58MB
 662c8d6f6620 Downloading 12.58MB
 662c8d6f6620 Downloading 13.63MB
 662c8d6f6620 Downloading 13.63MB
 662c8d6f6620 Downloading 13.63MB
 662c8d6f6620 Downloading 14.68MB
 662c8d6f6620 Downloading 14.68MB
 662c8d6f6620 Downloading 15.73MB
 662c8d6f6620 Downloading 15.73MB
 662c8d6f6620 Downloading 16.78MB
 662c8d6f6620 Downloading 16.78MB
 662c8d6f6620 Downloading 17.83MB
 662c8d6f6620 Downloading 17.83MB
 662c8d6f6620 Downloading 18.87MB
 662c8d6f6620 Downloading 18.87MB
 662c8d6f6620 Download complete 0B
 662c8d6f6620 Extracting 1B
 662c8d6f6620 Extracting 1B
 662c8d6f6620 Pull complete 0B
 Image nginx:1.29-alpine Pulled 
 Network tk8s_frost Creating 
 Network tk8s_frost Creating 
 Network tk8s_frost Created 
 Network tk8s_frost Created 
 Container tk8s-signer-3-1 Creating 
 Container tk8s-signer-2-1 Creating 
 Container tk8s-signer-4-1 Creating 
 Container tk8s-signer-1-1 Creating 
 Container tk8s-signer-5-1 Creating 
 Container tk8s-signer-1-1 Created 
 Container tk8s-signer-5-1 Created 
 Container tk8s-signer-4-1 Created 
 Container tk8s-signer-2-1 Created 
 Container tk8s-signer-3-1 Created 
 Container tk8s-grpc-proxy-3-1 Creating 
 Container tk8s-grpc-proxy-2-1 Creating 
 Container tk8s-grpc-proxy-1-1 Creating 
 Container tk8s-grpc-proxy-3-1 Created 
 Container tk8s-grpc-proxy-2-1 Created 
 Container tk8s-grpc-proxy-1-1 Created 
 Container tk8s-coordinator-lb-1 Creating 
 Container tk8s-coordinator-lb-1 Created 
 Container tk8s-signer-5-1 Starting 
 Container tk8s-signer-3-1 Starting 
 Container tk8s-signer-2-1 Starting 
 Container tk8s-signer-1-1 Starting 
 Container tk8s-signer-4-1 Starting 
 Container tk8s-signer-5-1 Started 
 Container tk8s-signer-3-1 Started 
 Container tk8s-signer-2-1 Started 
 Container tk8s-signer-1-1 Started 
 Container tk8s-signer-4-1 Started 
 Container tk8s-grpc-proxy-2-1 Starting 
 Container tk8s-grpc-proxy-3-1 Starting 
 Container tk8s-grpc-proxy-1-1 Starting 
 Container tk8s-grpc-proxy-2-1 Started 
 Container tk8s-grpc-proxy-3-1 Started 
 Container tk8s-grpc-proxy-1-1 Started 
 Container tk8s-coordinator-lb-1 Starting 
 Container tk8s-coordinator-lb-1 Started 
{"keys":[{"kid":"CDocGiHEBw5IiS26Az0wsw","pkix_sha256":"083a1c1a21c4070e48892dba033d30b3c90f25938236daeb9e02e29b37070a03","exclude_from_oidc_discovery":false}],"data_timestamp":"2026-09-24T16:23:24Z","refresh_hint_seconds":3600,"max_token_expiration_seconds":7200}
SERVICE          STATE
coordinator-lb   running
grpc-proxy-1     running
grpc-proxy-2     running
grpc-proxy-3     running
signer-1         running
signer-2         running
signer-3         running
signer-4         running
signer-5         running

================ Setup: kind cluster (apiserver signs only via /home/ubuntu/tk8s/run/signer.sock) ================
Creating cluster "tk8s" ...
 • Ensuring node image (kindest/node:v1.36.5-tk8s) 🖼  ...
 ✓ Ensuring node image (kindest/node:v1.36.5-tk8s) 🖼
 • Preparing nodes 📦 📦   ...
 ✓ Preparing nodes 📦 📦 
 • Writing configuration 📜  ...
 ✓ Writing configuration 📜
 • Starting control-plane 🕹️  ...
 ✗ Starting control-plane 🕹️
Deleted nodes: ["tk8s-worker" "tk8s-control-plane"]
ERROR: failed to create cluster: failed to init node with kubeadm: command "docker exec --privileged tk8s-control-plane kubeadm init --config=/kind/kubeadm.conf --skip-token-print --v=6" failed with error: exit status 1

Command Output: I0924 16:23:38.461621     175 initconfiguration.go:262] loading configuration from "/kind/kubeadm.conf"
W0924 16:23:38.461874     175 common.go:100] your configuration file uses a deprecated API spec: "kubeadm.k8s.io/v1beta3" (kind: "ClusterConfiguration"). Please use 'kubeadm config migrate --old-config old-config-file --new-config new-config-file', which will write the new, similar spec using a newer API version.
W0924 16:23:38.462092     175 common.go:100] your configuration file uses a deprecated API spec: "kubeadm.k8s.io/v1beta3" (kind: "InitConfiguration"). Please use 'kubeadm config migrate --old-config old-config-file --new-config new-config-file', which will write the new, similar spec using a newer API version.
W0924 16:23:38.462203     175 common.go:100] your configuration file uses a deprecated API spec: "kubeadm.k8s.io/v1beta3" (kind: "JoinConfiguration"). Please use 'kubeadm config migrate --old-config old-config-file --new-config new-config-file', which will write the new, similar spec using a newer API version.
W0924 16:23:38.462271     175 initconfiguration.go:363] [config] WARNING: Ignored configuration document with GroupVersionKind kubeadm.k8s.io/v1beta3, Kind=JoinConfiguration
[init] Using Kubernetes version: v1.36.5
[certs] Using certificateDir folder "/etc/kubernetes/pki"
I0924 16:23:38.462794     175 certs.go:111] creating a new certificate authority for ca
[certs] Generating "ca" certificate and key
I0924 16:23:38.482340     175 certs.go:472] validating certificate period for ca certificate
[certs] Generating "apiserver" certificate and key
[certs] apiserver serving cert is signed for DNS names [kubernetes kubernetes.default kubernetes.default.svc kubernetes.default.svc.cluster.local localhost tk8s-control-plane] and IPs [10.96.0.1 172.18.0.2 127.0.0.1]
[certs] Generating "apiserver-kubelet-client" certificate and key
I0924 16:23:38.595853     175 certs.go:111] creating a new certificate authority for front-proxy-ca
[certs] Generating "front-proxy-ca" certificate and key
I0924 16:23:38.632983     175 certs.go:472] validating certificate period for front-proxy-ca certificate
[certs] Generating "front-proxy-client" certificate and key
I0924 16:23:38.652197     175 certs.go:111] creating a new certificate authority for etcd-ca
[certs] Generating "etcd/ca" certificate and key
I0924 16:23:38.720220     175 certs.go:472] validating certificate period for etcd/ca certificate
[certs] Generating "etcd/server" certificate and key
[certs] etcd/server serving cert is signed for DNS names [localhost tk8s-control-plane] and IPs [172.18.0.2 127.0.0.1 ::1]
[certs] Generating "etcd/peer" certificate and key
[certs] etcd/peer serving cert is signed for DNS names [localhost tk8s-control-plane] and IPs [172.18.0.2 127.0.0.1 ::1]
[certs] Generating "etcd/healthcheck-client" certificate and key
[certs] Generating "apiserver-etcd-client" certificate and key
I0924 16:23:39.066999     175 certs.go:77] creating new public/private key files for signing service account users
[certs] Generating "sa" key and public key
[kubeconfig] Using kubeconfig folder "/etc/kubernetes"
I0924 16:23:39.228027     175 kubeconfig.go:111] creating kubeconfig file for admin.conf
[kubeconfig] Writing "admin.conf" kubeconfig file
I0924 16:23:39.401520     175 kubeconfig.go:111] creating kubeconfig file for super-admin.conf
[kubeconfig] Writing "super-admin.conf" kubeconfig file
I0924 16:23:39.533757     175 kubeconfig.go:111] creating kubeconfig file for kubelet.conf
[kubeconfig] Writing "kubelet.conf" kubeconfig file
I0924 16:23:39.598779     175 kubeconfig.go:111] creating kubeconfig file for controller-manager.conf
[kubeconfig] Writing "controller-manager.conf" kubeconfig file
I0924 16:23:39.611231     175 kubeconfig.go:111] creating kubeconfig file for scheduler.conf
[kubeconfig] Writing "scheduler.conf" kubeconfig file
[etcd] Creating static Pod manifest for local etcd in "/etc/kubernetes/manifests"
[patches] Reading patches from path "/etc/frost-kubeadm-patches"
[patches] Found the following patch files: [kube-apiserver+json.json kube-controller-manager+json.json]
[control-plane] Using manifest folder "/etc/kubernetes/manifests"
[control-plane] Creating static Pod manifest for "kube-apiserver"
I0924 16:23:39.713444     175 local.go:66] [etcd] wrote Static Pod manifest for a local etcd member to "/etc/kubernetes/manifests/etcd.yaml"
I0924 16:23:39.713505     175 manifests.go:125] [control-plane] getting StaticPodSpecs
I0924 16:23:39.713679     175 certs.go:472] validating certificate period for CA certificate
I0924 16:23:39.713720     175 manifests.go:151] [control-plane] adding volume "ca-certs" for component "kube-apiserver"
I0924 16:23:39.713722     175 manifests.go:151] [control-plane] adding volume "etc-ca-certificates" for component "kube-apiserver"
I0924 16:23:39.713723     175 manifests.go:151] [control-plane] adding volume "frost-socket" for component "kube-apiserver"
I0924 16:23:39.713724     175 manifests.go:151] [control-plane] adding volume "k8s-certs" for component "kube-apiserver"
I0924 16:23:39.713725     175 manifests.go:151] [control-plane] adding volume "usr-local-share-ca-certificates" for component "kube-apiserver"
I0924 16:23:39.713726     175 manifests.go:151] [control-plane] adding volume "usr-share-ca-certificates" for component "kube-apiserver"
error: error execution phase control-plane/apiserver: failed to patch static Pod manifest file for "kube-apiserver": could not apply the following patch of type "application/json-patch+json" to target "kube-apiserver":
[{"op":"test","path":"/spec/containers/0/command/24","value":"--service-account-signing-key-file=/etc/kubernetes/pki/sa.key"},{"op":"remove","path":"/spec/containers/0/command/24"},{"op":"test","path":"/spec/containers/0/command/23","value":"--service-account-key-file=/etc/kubernetes/pki/sa.pub"},{"op":"remove","path":"/spec/containers/0/command/23"}]
: testing value /spec/containers/0/command/24 failed: test failed
k8s.io/kubernetes/cmd/kubeadm/app/cmd/phases/workflow.(*Runner).Run.func1
	k8s.io/kubernetes/cmd/kubeadm/app/cmd/phases/workflow/runner.go:262
k8s.io/kubernetes/cmd/kubeadm/app/cmd/phases/workflow.(*Runner).visitAll
	k8s.io/kubernetes/cmd/kubeadm/app/cmd/phases/workflow/runner.go:450
k8s.io/kubernetes/cmd/kubeadm/app/cmd/phases/workflow.(*Runner).Run
	k8s.io/kubernetes/cmd/kubeadm/app/cmd/phases/workflow/runner.go:234
k8s.io/kubernetes/cmd/kubeadm/app/cmd.newCmdInit.func1
	k8s.io/kubernetes/cmd/kubeadm/app/cmd/init.go:134
github.com/spf13/cobra.(*Command).execute
	github.com/spf13/cobra@v1.10.2/command.go:1015
github.com/spf13/cobra.(*Command).ExecuteC
	github.com/spf13/cobra@v1.10.2/command.go:1148
github.com/spf13/cobra.(*Command).Execute
	github.com/spf13/cobra@v1.10.2/command.go:1071
k8s.io/kubernetes/cmd/kubeadm/app.Run
	k8s.io/kubernetes/cmd/kubeadm/app/kubeadm.go:48
main.main
	k8s.io/kubernetes/cmd/kubeadm/kubeadm.go:25
runtime.main
	runtime/proc.go:290
runtime.goexit
	runtime/asm_arm64.s:1447
