test/e2e/run.sh

================ Environment ================
git commit: 2f2d7bcbfbd85312958e9f24a1511d6c0279572a
date (UTC): 20260924T165635Z
Linux tk8s 6.8.0-139-generic #139-Ubuntu SMP PREEMPT_DYNAMIC Sat Aug  1 03:32:48 UTC 2026 aarch64 aarch64 aarch64 GNU/Linux
cpus: 4
               total        used        free      shared  buff/cache   available
Mem:           7.7Gi       542Mi       2.6Gi       1.2Mi       4.8Gi       7.2Gi
docker engine 29.8.1
kind v0.31.0 go1.25.5 linux/arm64
Client Version: v1.36.5
go version go1.27.1 linux/arm64
verify strategy: strict, sign deadline: 2s

================ Setup: fresh certs, key ceremony, signer stack ================
Generated in secrets/:
  coordinator/tls.crt          DNS:coordinator  sha256=9E:A3:10:E7:CD:31:33:31:E4:01:2E:E5:1B:30:C2:57:22:22:12:75:AC:B7:0E:C5:4D:87:96:7F:D2:F5:A8:13
  signer-1/tls.crt             DNS:signer-1  sha256=2C:8E:2E:86:B6:45:E9:55:B3:45:82:5E:FB:05:59:47:FB:18:0E:0A:70:A0:F6:CF:D2:B2:5F:CA:38:42:F9:02
  signer-2/tls.crt             DNS:signer-2  sha256=45:A0:8E:E3:CD:98:4A:0B:1C:FF:DE:3A:0D:F5:92:3E:2D:BE:C9:A8:34:F6:A3:F2:45:0D:BD:1F:FD:2A:B9:99
  signer-3/tls.crt             DNS:signer-3  sha256=DA:5C:03:6C:9D:E8:A2:58:C2:8C:0A:C5:77:15:AF:6B:DC:F0:67:E3:6C:27:F6:ED:25:F4:7F:55:05:D3:79:FB
  signer-4/tls.crt             DNS:signer-4  sha256=4E:FD:C7:A4:66:CE:87:FF:8D:45:58:6B:6C:B9:AE:51:61:7C:44:5F:3E:4D:53:5C:F6:17:51:5A:B5:B7:D1:0D
  signer-5/tls.crt             DNS:signer-5  sha256=5E:04:B6:59:71:73:CA:C0:C2:63:0A:20:B2:32:0F:DB:84:7C:C1:5D:DC:EC:64:AB:90:9E:B3:85:CC:3A:58:F7
CA private key: secrets/ca/ca.key (keep offline; never mount or copy into an image)
Generating 3-of-5 threshold RSA key, 2048-bit modulus (safe primes; this can take minutes)...
Generated in 58.587s
kid: nWznXXFLEt8RNlnRpYu58Q
threshold: 3 of 5, modulus: 2048 bits
SHA-256 of outputs:
  489b1395a517b68ffd30d1a4a77bca0b321b2d91f205810f594fe21d45f37d90  secrets/keys/public-meta.json
  e2077db36dcc5f4b3807b1d3c98d07533231086424471e11b8a14fa17cff729b  secrets/keys/share-1.json
  39987d06fd1124f90255011a03d8d24e66ae82fc35ccb46c184590f3eb928cd8  secrets/keys/share-2.json
  c4fcce1f21f69ff0016bf9eeb475794fc75d222c17ba54162d290c2210d03caa  secrets/keys/share-3.json
  37a70fad0819ea81bb082cc35ccb218fef06c4ecef42ab8433f6d8f8c1d8816a  secrets/keys/share-4.json
  5555dd376eb377b3eed434e76f42192ae892843e152a1d638752b8f7ed246cfb  secrets/keys/share-5.json
Distribute each share-<i>.json to signer <i> only, then securely delete secrets/keys (docs/KEY_CEREMONY.md).
kid: nWznXXFLEt8RNlnRpYu58Q
 Image frost-k8s/signer:dev Building 
 Image frost-k8s/coordinator:dev Building 
 Image frost-k8s/signer:dev Building 
 Image frost-k8s/signer:dev Building 
 Image frost-k8s/coordinator:dev Building 
 Image frost-k8s/coordinator:dev Building 
 Image frost-k8s/signer:dev Building 
 Image frost-k8s/signer:dev Building 
 Image frost-k8s/coordinator:dev Built 
 Image frost-k8s/signer:dev Built 
 Image frost-k8s/signer:dev Built 
 Image frost-k8s/signer:dev Built 
 Image frost-k8s/signer:dev Built 
 Image frost-k8s/coordinator:dev Built 
 Image frost-k8s/signer:dev Built 
 Image frost-k8s/coordinator:dev Built 
 Network tk8s_frost Creating 
 Network tk8s_frost Creating 
 Network tk8s_frost Created 
 Network tk8s_frost Created 
 Container tk8s-signer-5-1 Creating 
 Container tk8s-signer-4-1 Creating 
 Container tk8s-signer-3-1 Creating 
 Container tk8s-signer-1-1 Creating 
 Container tk8s-signer-2-1 Creating 
 Container tk8s-signer-4-1 Created 
 Container tk8s-signer-3-1 Created 
 Container tk8s-signer-2-1 Created 
 Container tk8s-signer-5-1 Created 
 Container tk8s-signer-1-1 Created 
 Container tk8s-grpc-proxy-3-1 Creating 
 Container tk8s-grpc-proxy-1-1 Creating 
 Container tk8s-grpc-proxy-2-1 Creating 
 Container tk8s-grpc-proxy-3-1 Created 
 Container tk8s-grpc-proxy-1-1 Created 
 Container tk8s-grpc-proxy-2-1 Created 
 Container tk8s-coordinator-lb-1 Creating 
 Container tk8s-coordinator-lb-1 Created 
 Container tk8s-signer-4-1 Starting 
 Container tk8s-signer-5-1 Starting 
 Container tk8s-signer-3-1 Starting 
 Container tk8s-signer-1-1 Starting 
 Container tk8s-signer-2-1 Starting 
 Container tk8s-signer-4-1 Started 
 Container tk8s-signer-5-1 Started 
 Container tk8s-signer-3-1 Started 
 Container tk8s-signer-1-1 Started 
 Container tk8s-signer-2-1 Started 
 Container tk8s-grpc-proxy-1-1 Starting 
 Container tk8s-grpc-proxy-3-1 Starting 
 Container tk8s-grpc-proxy-2-1 Starting 
 Container tk8s-grpc-proxy-1-1 Started 
 Container tk8s-grpc-proxy-3-1 Started 
 Container tk8s-grpc-proxy-2-1 Started 
 Container tk8s-coordinator-lb-1 Starting 
 Container tk8s-coordinator-lb-1 Started 
{"keys":[{"kid":"nWznXXFLEt8RNlnRpYu58Q","pkix_sha256":"9d6ce75d714b12df113659d1a58bb9f1c35fc87f0a0d7cf9a2283028693b03ef","exclude_from_oidc_discovery":false}],"data_timestamp":"2026-09-24T16:57:35Z","refresh_hint_seconds":3600,"max_token_expiration_seconds":7200}
SERVICE          STATE
coordinator-lb   running
grpc-proxy-1     running
grpc-proxy-2     running
grpc-proxy-3     running
signer-1         running
signer-2         running
signer-3         running
signer-4         running
signer-5         running

================ Setup: kind cluster (apiserver signs only via /home/ubuntu/tk8s/run/signer.sock) ================
Creating cluster "tk8s" ...
 • Ensuring node image (kindest/node:v1.36.5-tk8s) 🖼  ...
 ✓ Ensuring node image (kindest/node:v1.36.5-tk8s) 🖼
 • Preparing nodes 📦 📦   ...
 ✓ Preparing nodes 📦 📦 
 • Writing configuration 📜  ...
 ✓ Writing configuration 📜
 • Starting control-plane 🕹️  ...
 ✓ Starting control-plane 🕹️
 • Installing CNI 🔌  ...
 ✓ Installing CNI 🔌
 • Installing StorageClass 💾  ...
 ✓ Installing StorageClass 💾
 • Joining worker nodes 🚜  ...
 ✓ Joining worker nodes 🚜
 • Waiting ≤ 5m0s for control-plane = Ready ⏳  ...
 ✓ Waiting ≤ 5m0s for control-plane = Ready ⏳
 • Ready after 12s 💚
Set kubectl context to "kind-tk8s"
You can now use your cluster with:

kubectl cluster-info --context kind-tk8s

Have a question, bug, or feature request? Let us know! https://kind.sigs.k8s.io/#community 🙂
server version: v1.36.5
node image: sha256:2c8e428b7d8141e273b8149bbcbccb9d21bebfe2a0bd3d98ede6a9c9cfe16286
apiserver service-account flags:
    - --service-account-issuer=https://kubernetes.default.svc.cluster.local
    - --service-account-signing-endpoint=/var/run/frost-k8s/signer.sock
controller-manager service-account flags:
    - --use-service-account-credentials=true
PASS SETUP: apiserver uses only --service-account-signing-endpoint; no in-tree SA key flags on apiserver or controller-manager
deleted /etc/kubernetes/pki/sa.{key,pub} from the control-plane node
pod/coredns-589f44dc88-6dc5d condition met
pod/coredns-589f44dc88-xhthd condition met
pod/etcd-tk8s-control-plane condition met
pod/kindnet-j5gkb condition met
pod/kindnet-tcflz condition met
pod/kube-apiserver-tk8s-control-plane condition met
pod/kube-controller-manager-tk8s-control-plane condition met
pod/kube-proxy-gqnw9 condition met
pod/kube-proxy-sxdc8 condition met
pod/kube-scheduler-tk8s-control-plane condition met
NAME                                         READY   STATUS    RESTARTS   AGE   IP           NODE                 NOMINATED NODE   READINESS GATES
coredns-589f44dc88-6dc5d                     1/1     Running   0          16s   10.244.0.4   tk8s-control-plane   <none>           <none>
coredns-589f44dc88-xhthd                     1/1     Running   0          16s   10.244.0.2   tk8s-control-plane   <none>           <none>
etcd-tk8s-control-plane                      1/1     Running   0          22s   172.18.0.2   tk8s-control-plane   <none>           <none>
kindnet-j5gkb                                1/1     Running   0          15s   172.18.0.3   tk8s-worker          <none>           <none>
kindnet-tcflz                                1/1     Running   0          16s   172.18.0.2   tk8s-control-plane   <none>           <none>
kube-apiserver-tk8s-control-plane            1/1     Running   0          22s   172.18.0.2   tk8s-control-plane   <none>           <none>
kube-controller-manager-tk8s-control-plane   1/1     Running   0          22s   172.18.0.2   tk8s-control-plane   <none>           <none>
kube-proxy-gqnw9                             1/1     Running   0          16s   172.18.0.2   tk8s-control-plane   <none>           <none>
kube-proxy-sxdc8                             1/1     Running   0          15s   172.18.0.3   tk8s-worker          <none>           <none>
kube-scheduler-tk8s-control-plane            1/1     Running   0          22s   172.18.0.2   tk8s-control-plane   <none>           <none>

================ E1: kubectl create token default -> RS256, threshold kid ================
header: {"alg":"RS256","typ":"JWT","kid":"nWznXXFLEt8RNlnRpYu58Q"}
claims: {"aud":["https://kubernetes.default.svc.cluster.local"],"exp":1790272693,"iat":1790269093,"iss":"https://kubernetes.default.svc.cluster.local","jti":"79bb473b-da77-4424-89eb-b9f23647a09a","kubernetes.io":{"namespace":"default","serviceaccount":{"name":"default","uid":"792619e0-a1c4-4780-8eb7-db3508431dbe"}},"nbf":1790269093,"sub":"system:serviceaccount:default:default"}
PASS E1: alg=RS256 kid=nWznXXFLEt8RNlnRpYu58Q (equals public-meta.json)

================ E2: TokenReview of that token ================
{"audiences":["https://kubernetes.default.svc.cluster.local"],"authenticated":true,"user":{"extra":{"authentication.kubernetes.io/credential-id":["JTI=79bb473b-da77-4424-89eb-b9f23647a09a"]},"groups":["system:serviceaccounts","system:serviceaccounts:default","system:authenticated"],"uid":"792619e0-a1c4-4780-8eb7-db3508431dbe","username":"system:serviceaccount:default:default"}}
PASS E2: authenticated=true username=system:serviceaccount:default:default

================ E3 + (a) + (c): pod with projected token calls the API ================
pod/e3-client created
pod/e3-client condition met
GET /api with automounted token: HTTP 200
SelfSubjectReview with projected token: {"username":"system:serviceaccount:default:default","uid":"792619e0-a1c4-4780-8eb7-db3508431dbe","groups":["system:serviceaccounts","system:serviceaccounts:default","system:authenticated"],"extra":{"authentication.kubernetes.io/credential-id":["JTI=f120d3fb-4be5-4888-a4f4-e45c5bd7ace9"],"authentication.kubernetes.io/node-name":["tk8s-worker"],"authentication.kubernetes.io/node-uid":["68ea224b-541b-40be-a428-5f5f5ccb5efd"],"authentication.kubernetes.io/pod-name":["e3-client"],"authentication.kubernetes.io/pod-uid":["8a323829-59f2-4106-85d1-b82f2aac88c5"]}}
PASS E3: pod reached the API (HTTP 200) and authenticated as system:serviceaccount:default:default with its projected token
projected token header: {"alg":"RS256","typ":"JWT","kid":"nWznXXFLEt8RNlnRpYu58Q"}
projected token claims: {"aud":["https://kubernetes.default.svc.cluster.local"],"exp":1790276293,"iat":1790269093,"iss":"https://kubernetes.default.svc.cluster.local","jti":"f120d3fb-4be5-4888-a4f4-e45c5bd7ace9","kubernetes.io":{"namespace":"default","node":{"name":"tk8s-worker","uid":"68ea224b-541b-40be-a428-5f5f5ccb5efd"},"pod":{"name":"e3-client","uid":"8a323829-59f2-4106-85d1-b82f2aac88c5"},"serviceaccount":{"name":"default","uid":"792619e0-a1c4-4780-8eb7-db3508431dbe"},"warnafter":1790272700},"nbf":1790269093,"sub":"system:serviceaccount:default:default"}
projected token TokenReview: {"audiences":["https://kubernetes.default.svc.cluster.local"],"authenticated":true,"user":{"extra":{"authentication.kubernetes.io/credential-id":["JTI=f120d3fb-4be5-4888-a4f4-e45c5bd7ace9"],"authentication.kubernetes.io/node-name":["tk8s-worker"],"authentication.kubernetes.io/node-uid":["68ea224b-541b-40be-a428-5f5f5ccb5efd"],"authentication.kubernetes.io/pod-name":["e3-client"],"authentication.kubernetes.io/pod-uid":["8a323829-59f2-4106-85d1-b82f2aac88c5"]},"groups":["system:serviceaccounts","system:serviceaccounts:default","system:authenticated"],"uid":"792619e0-a1c4-4780-8eb7-db3508431dbe","username":"system:serviceaccount:default:default"}}
projected token exp - iat = 7200s, warnafter - iat = 3607s (policy/Metadata max = 7200s)
PASS REQ-a: kubelet-projected token issued and passes TokenReview; exp-iat=7200s warnafter-iat=3607s
bound to Pod/e3-client: kubernetes.io={"namespace":"default","node":{"name":"tk8s-worker","uid":"68ea224b-541b-40be-a428-5f5f5ccb5efd"},"pod":{"name":"e3-client","uid":"8a323829-59f2-4106-85d1-b82f2aac88c5"},"serviceaccount":{"name":"default","uid":"792619e0-a1c4-4780-8eb7-db3508431dbe"}} authenticated=true
bound to Node/tk8s-worker: kubernetes.io={"namespace":"default","node":{"name":"tk8s-worker","uid":"68ea224b-541b-40be-a428-5f5f5ccb5efd"},"serviceaccount":{"name":"default","uid":"792619e0-a1c4-4780-8eb7-db3508431dbe"}} authenticated=true
bound to Secret/e3-bound-secret: kubernetes.io={"namespace":"default","secret":{"name":"e3-bound-secret","uid":"74841134-0221-4274-beb3-e7a126bbb446"},"serviceaccount":{"name":"default","uid":"792619e0-a1c4-4780-8eb7-db3508431dbe"}} authenticated=true
PASS REQ-c: policy accepted pod-, node- and secret-bound tokens and warnafter; all pass TokenReview

================ (b) audiences ================
allowlisted: aud=["frost-e2e-allowed"] review={"authenticated":true,"audiences":["frost-e2e-allowed"]}
not allowlisted: kubectl exit=1 output: error: failed to create token: Internal error occurred: failed to generate token: while signing jwt: rpc error: code = Unavailable desc = threshold not met: 0 valid shares, need 3; failures: [signer-5: refused (HTTP 403 policy): aud: audience "not-allowlisted" is not allowed; signer-1: refused (HTTP 403 policy): aud: audience "not-allowlisted" is not allowed; signer-3: refused (HTTP 403 policy): aud: audience "not-allowlisted" is not allowed; signer-4: refused (HTTP 403 policy): aud: audience "not-allowlisted" is not allowed; signer-2: refused (HTTP 403 policy): aud: audience "not-allowlisted" is not allowed]
coordinator log: grpc-proxy-2-1  | {"time":"2026-09-24T16:58:23.831646041Z","level":"ERROR","msg":"sign failed","request_id":"25ae109683826a5aa3f59d77","strategy":"strict","signers_contacted":5,"valid_shares":0,"failures":[{"signer_id":5,"reason":"refused (HTTP 403 policy): aud: audience \"not-allowlisted\" is not allowed"},{"signer_id":1,"reason":"refused (HTTP 403 policy): aud: audience \"not-allowlisted\" is not allowed"},{"signer_id":3,"reason":"refused (HTTP 403 policy): aud: audience \"not-allowlisted\" is not allowed"},{"signer_id":4,"reason":"refused (HTTP 403 policy): aud: audience \"not-allowlisted\" is not allowed"},{"signer_id":2,"reason":"refused (HTTP 403 policy): aud: audience \"not-allowlisted\" is not allowed"}],"latency_ms":1.328}
PASS REQ-b: allowlisted audience issued; non-allowlisted refused, coordinator log names the signer policy rule

================ E4: Deployment with 20 replicas; controllers keep working ================
deployment.apps/e4-web created
Waiting for deployment "e4-web" rollout to finish: 0 out of 20 new replicas have been updated...
Waiting for deployment "e4-web" rollout to finish: 0 of 20 updated replicas are available...
Waiting for deployment "e4-web" rollout to finish: 1 of 20 updated replicas are available...
Waiting for deployment "e4-web" rollout to finish: 2 of 20 updated replicas are available...
Waiting for deployment "e4-web" rollout to finish: 3 of 20 updated replicas are available...
Waiting for deployment "e4-web" rollout to finish: 4 of 20 updated replicas are available...
Waiting for deployment "e4-web" rollout to finish: 5 of 20 updated replicas are available...
Waiting for deployment "e4-web" rollout to finish: 6 of 20 updated replicas are available...
Waiting for deployment "e4-web" rollout to finish: 7 of 20 updated replicas are available...
Waiting for deployment "e4-web" rollout to finish: 8 of 20 updated replicas are available...
Waiting for deployment "e4-web" rollout to finish: 9 of 20 updated replicas are available...
Waiting for deployment "e4-web" rollout to finish: 10 of 20 updated replicas are available...
Waiting for deployment "e4-web" rollout to finish: 11 of 20 updated replicas are available...
Waiting for deployment "e4-web" rollout to finish: 12 of 20 updated replicas are available...
Waiting for deployment "e4-web" rollout to finish: 13 of 20 updated replicas are available...
Waiting for deployment "e4-web" rollout to finish: 14 of 20 updated replicas are available...
Waiting for deployment "e4-web" rollout to finish: 15 of 20 updated replicas are available...
Waiting for deployment "e4-web" rollout to finish: 16 of 20 updated replicas are available...
Waiting for deployment "e4-web" rollout to finish: 17 of 20 updated replicas are available...
Waiting for deployment "e4-web" rollout to finish: 18 of 20 updated replicas are available...
Waiting for deployment "e4-web" rollout to finish: 19 of 20 updated replicas are available...
deployment "e4-web" successfully rolled out
readyReplicas=20; controller-manager restarts 0->0; scheduler restarts 0->0
threshold-signed controller tokens (signer audit logs, allow decisions):
      5 system:serviceaccount:kube-system:deployment-controller
      5 system:serviceaccount:kube-system:replicaset-controller
scheduler credential: 1 client-certificate entry in scheduler.conf (x509, not an SA token)
PASS E4: 20/20 Ready; deployment/replicaset controllers used threshold-signed tokens; no KCM/scheduler restarts

================ E5: /openid/v1/jwks serves the group key ================
{"kid":"nWznXXFLEt8RNlnRpYu58Q","kty":"RSA","alg":"RS256","use":"sig","e":"AQAB","n_prefix":"mlMfIPXuQpyWotN2"}
jwks modulus == public-meta.json modulus: yes
jwks fetched from pod with its SA token (system:service-account-issuer-discovery): kid=nWznXXFLEt8RNlnRpYu58Q
PASS E5: JWKS has exactly the threshold group key (kid nWznXXFLEt8RNlnRpYu58Q, RS256, modulus matches)

================ E6: signer failures ================
2 signers down: issue ok=1 kid=nWznXXFLEt8RNlnRpYu58Q
3 signers down: issue ok=0 after 96ms; kubectl said: error: failed to create token: Internal error occurred: failed to generate token: while signing jwt: rpc error: code = Unavailable desc = threshold not met: 2 valid shares, need 3; failures: [signer-5: request failed: dial tcp: lookup signer-5 on 127.0.0.11:53: server misbehaving; signer-4: request failed: dial tcp: lookup signer-4 on 127.0.0.11:53: server misbehaving; signer-3: request failed: dial tcp: lookup signer-3 on 127.0.0.11:53: server misbehaving]
coordinator log: 
previously issued tokens with 3 signers down: E1 token authenticated=true, projected token authenticated=true
PASS E6: 2 down: issued; 3 down: refused with threshold error (96ms); old tokens still authenticate

================ E7: signer restart -> issuance recovers ================
docker start -> first successful token: 492ms (0 failed attempts; includes kubectl process start per attempt)
signer-3 last 'signer ready' log: 2026-09-24T16:58:31.554305418Z
PASS E7: issuance recovered 492ms after docker start

================ E8: coordinator replicas and nginx failover ================
via socket:   {"keys":[{"kid":"nWznXXFLEt8RNlnRpYu58Q","pkix_sha256":"9d6ce75d714b12df113659d1a58bb9f1c35fc87f0a0d7cf9a2283028693b03ef","exclude_from_oidc_discovery":false}],"data_timestamp":"2026-09-24T16:57:35Z","refresh_hint_seconds":3600,"max_token_expiration_seconds":7200}
replica 172.30.0.11: {"keys":[{"kid":"nWznXXFLEt8RNlnRpYu58Q","pkix_sha256":"9d6ce75d714b12df113659d1a58bb9f1c35fc87f0a0d7cf9a2283028693b03ef","exclude_from_oidc_discovery":false}],"data_timestamp":"2026-09-24T16:57:35Z","refresh_hint_seconds":3600,"max_token_expiration_seconds":7200}
replica 172.30.0.12: {"keys":[{"kid":"nWznXXFLEt8RNlnRpYu58Q","pkix_sha256":"9d6ce75d714b12df113659d1a58bb9f1c35fc87f0a0d7cf9a2283028693b03ef","exclude_from_oidc_discovery":false}],"data_timestamp":"2026-09-24T16:57:35Z","refresh_hint_seconds":3600,"max_token_expiration_seconds":7200}
replica 172.30.0.13: {"keys":[{"kid":"nWznXXFLEt8RNlnRpYu58Q","pkix_sha256":"9d6ce75d714b12df113659d1a58bb9f1c35fc87f0a0d7cf9a2283028693b03ef","exclude_from_oidc_discovery":false}],"data_timestamp":"2026-09-24T16:57:35Z","refresh_hint_seconds":3600,"max_token_expiration_seconds":7200}
replicas 1,2 stopped: issue ok=1 kid=nWznXXFLEt8RNlnRpYu58Q
rolling restart of all 3 replicas: 0/15 token requests failed
PASS E8: 3 replicas serve identical FetchKeys; issuance survives 2 replicas down and a rolling restart (0/15 failed)

================ (d) strategy used by every coordinator ================
jq: parse error: Invalid numeric literal at line 1, column 15
make: *** [Makefile:30: e2e] Error 5
e2e exit=2
