LABEL: single host, 2 vCPU (m7i-flex.large), all components co-located; CPU-contended
instance m7i-flex.large ap-south-1/ap-south-1a; commit 8ebb80632b60aa5c1adc37d89fb9226b9a0c3994; runs 3; N 1000 after 100 warm-up; c=1 10 20 50
== build tools
 Image frost-k8s/signer:dev Building 
 Image frost-k8s/signer:dev Building 
 Image frost-k8s/coordinator:dev Building 
 Image frost-k8s/coordinator:dev Building 
 Image frost-k8s/signer:dev Building 
 Image frost-k8s/coordinator:dev Building 
 Image frost-k8s/signer:dev Building 
 Image frost-k8s/signer:dev Building 
 Image frost-k8s/signer:dev Built 
 Image frost-k8s/signer:dev Built 
 Image frost-k8s/coordinator:dev Built 
 Image frost-k8s/signer:dev Built 
 Image frost-k8s/coordinator:dev Built 
 Image frost-k8s/signer:dev Built 
 Image frost-k8s/signer:dev Built 
 Image frost-k8s/coordinator:dev Built 
 Image frost-k8s/b1signer:bench Building 
 Image frost-k8s/b1signer:bench Building 
 Image frost-k8s/b1signer:bench Building 
 Image frost-k8s/b1signer:bench Built 
 Image frost-k8s/b1signer:bench Built 
 Image frost-k8s/b1signer:bench Built 
d960bbfc75e8e0c1487b3f8e597d373e718cd30811536ca2eeb1da00ee6417cf  bin/bench/tokenbench

================ run 1/3 (17:23:26) ================
Creating cluster "tk8s" ...
 • Ensuring node image (kindest/node:v1.36.5-tk8s) 🖼  ...
 ✓ Ensuring node image (kindest/node:v1.36.5-tk8s) 🖼
 • Preparing nodes 📦 📦   ...
 ✓ Preparing nodes 📦 📦 
 • Writing configuration 📜  ...
 ✓ Writing configuration 📜
 • Starting control-plane 🕹️  ...
 ✓ Starting control-plane 🕹️
 • Installing CNI 🔌  ...
 ✓ Installing CNI 🔌
 • Installing StorageClass 💾  ...
 ✓ Installing StorageClass 💾
 • Joining worker nodes 🚜  ...
 ✓ Joining worker nodes 🚜
 • Waiting ≤ 5m0s for control-plane = Ready ⏳  ...
 ✓ Waiting ≤ 5m0s for control-plane = Ready ⏳
 • Ready after 10s 💚
Set kubectl context to "kind-tk8s"
You can now use your cluster with:

kubectl cluster-info --context kind-tk8s

Thanks for using kind! 😊
run1 B0: apiserver=in-tree issued JWT header kid=kV0cAzCFANq2en7C2SVf79MJ13NNumDh02IDXhCbtNY
B0-c1: 1000 requests (+100 warm-up) at c=1 in 2.708s; 0 errors -> benchmark/results/20260926T172317Z-8ebb806-7A-single-m7i-flex.large/run1/B0-c1.csv
   B0-c1: 1000 rows, 0 errors; {"label": "B0-c1", "cpu_busy_pct": 67.1, "cpu_steal_pct": 0.00, "load1": 2.02, "load5": 2.18, "load15": 1.87, "mem_available_kib_at_end": 6635496}
B0-c10: 1000 requests (+100 warm-up) at c=10 in 1.61s; 0 errors -> benchmark/results/20260926T172317Z-8ebb806-7A-single-m7i-flex.large/run1/B0-c10.csv
   B0-c10: 1000 rows, 0 errors; {"label": "B0-c10", "cpu_busy_pct": 99.5, "cpu_steal_pct": 0.00, "load1": 2.02, "load5": 2.18, "load15": 1.87, "mem_available_kib_at_end": 6627228}
B0-c20: 1000 requests (+100 warm-up) at c=20 in 1.527s; 0 errors -> benchmark/results/20260926T172317Z-8ebb806-7A-single-m7i-flex.large/run1/B0-c20.csv
   B0-c20: 1000 rows, 0 errors; {"label": "B0-c20", "cpu_busy_pct": 99.4, "cpu_steal_pct": 0.00, "load1": 2.02, "load5": 2.17, "load15": 1.88, "mem_available_kib_at_end": 6598900}
B0-c50: 1000 requests (+100 warm-up) at c=50 in 1.516s; 0 errors -> benchmark/results/20260926T172317Z-8ebb806-7A-single-m7i-flex.large/run1/B0-c50.csv
   B0-c50: 1000 rows, 0 errors; {"label": "B0-c50", "cpu_busy_pct": 99.7, "cpu_steal_pct": 0.00, "load1": 2.02, "load5": 2.17, "load15": 1.88, "mem_available_kib_at_end": 6597900}
   scale: schedulable nodes [tk8s-worker], allocatable pods 110, in use 2, free 108
   scale B0 n=50 rep=1: {"system": "B0", "replicas": 50, "rep": 1, "ms_to_all_ready": 13729, "all_ready": true, "ready_replicas": 50, "cpu_busy_pct": 99.3, "cpu_steal_pct": 0.00, "load1": 18.42, "load5": 5.70}; audit events 50
   scale B0 n=50 rep=2: {"system": "B0", "replicas": 50, "rep": 2, "ms_to_all_ready": 16206, "all_ready": true, "ready_replicas": 50, "cpu_busy_pct": 99.6, "cpu_steal_pct": 0.00, "load1": 27.81, "load5": 9.08}; audit events 50
   scale B0 n=50 rep=3: {"system": "B0", "replicas": 50, "rep": 3, "ms_to_all_ready": 15725, "all_ready": true, "ready_replicas": 50, "cpu_busy_pct": 99.7, "cpu_steal_pct": 0.00, "load1": 37.25, "load5": 12.94}; audit events 50
   scale B0 n=100 rep=1: {"system": "B0", "replicas": 100, "rep": 1, "ms_to_all_ready": 39558, "all_ready": true, "ready_replicas": 100, "cpu_busy_pct": 99.9, "cpu_steal_pct": 0.00, "load1": 42.50, "load5": 18.47}; audit events 100
   scale B0 n=100 rep=2: {"system": "B0", "replicas": 100, "rep": 2, "ms_to_all_ready": 43361, "all_ready": true, "ready_replicas": 100, "cpu_busy_pct": 99.8, "cpu_steal_pct": 0.00, "load1": 67.56, "load5": 29.54}; audit events 100
   scale B0 n=100 rep=3: {"system": "B0", "replicas": 100, "rep": 3, "ms_to_all_ready": 37819, "all_ready": true, "ready_replicas": 100, "cpu_busy_pct": 99.8, "cpu_steal_pct": 0.00, "load1": 91.01, "load5": 41.52}; audit events 100
Creating cluster "tk8s" ...
 • Ensuring node image (kindest/node:v1.36.5-tk8s) 🖼  ...
 ✓ Ensuring node image (kindest/node:v1.36.5-tk8s) 🖼
 • Preparing nodes 📦 📦   ...
 ✓ Preparing nodes 📦 📦 
 • Writing configuration 📜  ...
 ✓ Writing configuration 📜
 • Starting control-plane 🕹️  ...
 ✓ Starting control-plane 🕹️
 • Installing CNI 🔌  ...
 ✓ Installing CNI 🔌
 • Installing StorageClass 💾  ...
 ✓ Installing StorageClass 💾
 • Joining worker nodes 🚜  ...
 ✓ Joining worker nodes 🚜
 • Waiting ≤ 5m0s for control-plane = Ready ⏳  ...
 ✓ Waiting ≤ 5m0s for control-plane = Ready ⏳
 • Ready after 11s 💚
Set kubectl context to "kind-tk8s"
You can now use your cluster with:

kubectl cluster-info --context kind-tk8s

Have a question, bug, or feature request? Let us know! https://kind.sigs.k8s.io/#community 🙂
run1 B1: apiserver=external issued JWT header kid=v2-fs5rVckQ9UI8_-MqHUQ (b1signer FetchKeys kid=v2-fs5rVckQ9UI8_-MqHUQ)
B1-c1: 1000 requests (+100 warm-up) at c=1 in 3.351s; 0 errors -> benchmark/results/20260926T172317Z-8ebb806-7A-single-m7i-flex.large/run1/B1-c1.csv
   B1-c1: 1000 rows, 0 errors; {"label": "B1-c1", "cpu_busy_pct": 70.3, "cpu_steal_pct": 0.00, "load1": 34.74, "load5": 34.97, "load15": 17.23, "mem_available_kib_at_end": 6408980}
B1-c10: 1000 requests (+100 warm-up) at c=10 in 2.114s; 0 errors -> benchmark/results/20260926T172317Z-8ebb806-7A-single-m7i-flex.large/run1/B1-c10.csv
   B1-c10: 1000 rows, 0 errors; {"label": "B1-c10", "cpu_busy_pct": 98.9, "cpu_steal_pct": 0.00, "load1": 32.44, "load5": 34.49, "load15": 17.17, "mem_available_kib_at_end": 6400396}
B1-c20: 1000 requests (+100 warm-up) at c=20 in 1.979s; 0 errors -> benchmark/results/20260926T172317Z-8ebb806-7A-single-m7i-flex.large/run1/B1-c20.csv
   B1-c20: 1000 rows, 0 errors; {"label": "B1-c20", "cpu_busy_pct": 99.6, "cpu_steal_pct": 0.00, "load1": 32.44, "load5": 34.49, "load15": 17.17, "mem_available_kib_at_end": 6399452}
B1-c50: 1000 requests (+100 warm-up) at c=50 in 2.01s; 0 errors -> benchmark/results/20260926T172317Z-8ebb806-7A-single-m7i-flex.large/run1/B1-c50.csv
   B1-c50: 1000 rows, 0 errors; {"label": "B1-c50", "cpu_busy_pct": 99.6, "cpu_steal_pct": 0.00, "load1": 30.96, "load5": 34.14, "load15": 17.15, "mem_available_kib_at_end": 6397600}
   scale: schedulable nodes [tk8s-worker], allocatable pods 110, in use 2, free 108
   scale B1 n=50 rep=1: {"system": "B1", "replicas": 50, "rep": 1, "ms_to_all_ready": 15235, "all_ready": true, "ready_replicas": 50, "cpu_busy_pct": 99.3, "cpu_steal_pct": 0.00, "load1": 32.01, "load5": 33.75}; audit events 50
   scale B1 n=50 rep=2: {"system": "B1", "replicas": 50, "rep": 2, "ms_to_all_ready": 15607, "all_ready": true, "ready_replicas": 50, "cpu_busy_pct": 99.2, "cpu_steal_pct": 0.00, "load1": 29.56, "load5": 32.31}; audit events 50
   scale B1 n=50 rep=3: {"system": "B1", "replicas": 50, "rep": 3, "ms_to_all_ready": 19419, "all_ready": true, "ready_replicas": 50, "cpu_busy_pct": 99.8, "cpu_steal_pct": 0.00, "load1": 47.51, "load5": 35.44}; audit events 50
   scale B1 n=100 rep=1: {"system": "B1", "replicas": 100, "rep": 1, "ms_to_all_ready": 36038, "all_ready": true, "ready_replicas": 100, "cpu_busy_pct": 99.8, "cpu_steal_pct": 0.00, "load1": 57.28, "load5": 39.12}; audit events 100
   scale B1 n=100 rep=2: {"system": "B1", "replicas": 100, "rep": 2, "ms_to_all_ready": 37850, "all_ready": true, "ready_replicas": 100, "cpu_busy_pct": 99.8, "cpu_steal_pct": 0.00, "load1": 58.28, "load5": 41.90}; audit events 100
   scale B1 n=100 rep=3: {"system": "B1", "replicas": 100, "rep": 3, "ms_to_all_ready": 37239, "all_ready": true, "ready_replicas": 100, "cpu_busy_pct": 99.9, "cpu_steal_pct": 0.00, "load1": 75.34, "load5": 49.24}; audit events 100
Creating cluster "tk8s" ...
 • Ensuring node image (kindest/node:v1.36.5-tk8s) 🖼  ...
 ✓ Ensuring node image (kindest/node:v1.36.5-tk8s) 🖼
 • Preparing nodes 📦 📦   ...
 ✓ Preparing nodes 📦 📦 
 • Writing configuration 📜  ...
 ✓ Writing configuration 📜
 • Starting control-plane 🕹️  ...
 ✓ Starting control-plane 🕹️
 • Installing CNI 🔌  ...
 ✓ Installing CNI 🔌
 • Installing StorageClass 💾  ...
 ✓ Installing StorageClass 💾
 • Joining worker nodes 🚜  ...
 ✓ Joining worker nodes 🚜
 • Waiting ≤ 5m0s for control-plane = Ready ⏳  ...
 ✓ Waiting ≤ 5m0s for control-plane = Ready ⏳
 • Ready after 12s 💚
Set kubectl context to "kind-tk8s"
You can now use your cluster with:

kubectl cluster-info --context kind-tk8s

Have a question, bug, or feature request? Let us know! https://kind.sigs.k8s.io/#community 🙂
run1 T: apiserver=external issued JWT header kid=KzEewRXDgVrx42DrPNqF7Q (public-meta kid=KzEewRXDgVrx42DrPNqF7Q)
run1 T: signer admission {"max_concurrent":2,"max_queue":64}
T-strict-all-c1: 1000 requests (+100 warm-up) at c=1 in 1m22.712s; 0 errors -> benchmark/results/20260926T172317Z-8ebb806-7A-single-m7i-flex.large/run1/T-strict-all-c1.csv
   T-strict-all-c1: 1000 rows, 0 errors; {"label": "T-strict-all-c1", "cpu_busy_pct": 99.6, "cpu_steal_pct": 0.01, "load1": 10.09, "load5": 30.00, "load15": 24.10, "mem_available_kib_at_end": 6391764}
T-strict-all-c10: 1000 requests (+100 warm-up) at c=10 in 1m13.504s; 0 errors -> benchmark/results/20260926T172317Z-8ebb806-7A-single-m7i-flex.large/run1/T-strict-all-c10.csv
   T-strict-all-c10: 1000 rows, 0 errors; {"label": "T-strict-all-c10", "cpu_busy_pct": 100.0, "cpu_steal_pct": 0.61, "load1": 14.47, "load5": 26.59, "load15": 23.38, "mem_available_kib_at_end": 6383788}
T-strict-all-c20: 1000 requests (+100 warm-up) at c=20 in 1m10.059s; 148 errors -> benchmark/results/20260926T172317Z-8ebb806-7A-single-m7i-flex.large/run1/T-strict-all-c20.csv
   T-strict-all-c20: 1000 rows, 148 errors; {"label": "T-strict-all-c20", "cpu_busy_pct": 100.0, "cpu_steal_pct": 0.87, "load1": 14.24, "load5": 23.86, "load15": 22.67, "mem_available_kib_at_end": 6386464}
T-strict-all-c50: 1000 requests (+100 warm-up) at c=50 in 7.193s; 993 errors -> benchmark/results/20260926T172317Z-8ebb806-7A-single-m7i-flex.large/run1/T-strict-all-c50.csv
   T-strict-all-c50: 1000 rows, 993 errors; {"label": "T-strict-all-c50", "cpu_busy_pct": 100.0, "cpu_steal_pct": 0.00, "load1": 15.37, "load5": 23.64, "load15": 22.61, "mem_available_kib_at_end": 6362980}
T-strict-hedged-c1: 1000 requests (+100 warm-up) at c=1 in 1m19.072s; 0 errors -> benchmark/results/20260926T172317Z-8ebb806-7A-single-m7i-flex.large/run1/T-strict-hedged-c1.csv
   T-strict-hedged-c1: 1000 rows, 0 errors; {"label": "T-strict-hedged-c1", "cpu_busy_pct": 99.7, "cpu_steal_pct": 0.00, "load1": 9.13, "load5": 19.26, "load15": 21.14, "mem_available_kib_at_end": 6366772}
T-strict-hedged-c10: 1000 requests (+100 warm-up) at c=10 in 1m23.341s; 0 errors -> benchmark/results/20260926T172317Z-8ebb806-7A-single-m7i-flex.large/run1/T-strict-hedged-c10.csv
   T-strict-hedged-c10: 1000 rows, 0 errors; {"label": "T-strict-hedged-c10", "cpu_busy_pct": 100.0, "cpu_steal_pct": 0.00, "load1": 15.59, "load5": 18.65, "load15": 20.74, "mem_available_kib_at_end": 6367004}
T-strict-hedged-c20: 1000 requests (+100 warm-up) at c=20 in 1m23.382s; 61 errors -> benchmark/results/20260926T172317Z-8ebb806-7A-single-m7i-flex.large/run1/T-strict-hedged-c20.csv
   T-strict-hedged-c20: 1000 rows, 61 errors; {"label": "T-strict-hedged-c20", "cpu_busy_pct": 100.0, "cpu_steal_pct": 0.00, "load1": 17.47, "load5": 18.43, "load15": 20.46, "mem_available_kib_at_end": 6368764}
T-strict-hedged-c50: 1000 requests (+100 warm-up) at c=50 in 51.509s; 950 errors -> benchmark/results/20260926T172317Z-8ebb806-7A-single-m7i-flex.large/run1/T-strict-hedged-c50.csv
   T-strict-hedged-c50: 1000 rows, 950 errors; {"label": "T-strict-hedged-c50", "cpu_busy_pct": 100.0, "cpu_steal_pct": 0.00, "load1": 17.36, "load5": 18.24, "load15": 20.27, "mem_available_kib_at_end": 6350684}
T-optimistic-all-c1: 1000 requests (+100 warm-up) at c=1 in 49s; 0 errors -> benchmark/results/20260926T172317Z-8ebb806-7A-single-m7i-flex.large/run1/T-optimistic-all-c1.csv
   T-optimistic-all-c1: 1000 rows, 0 errors; {"label": "T-optimistic-all-c1", "cpu_busy_pct": 99.4, "cpu_steal_pct": 0.00, "load1": 11.81, "load5": 16.58, "load15": 19.58, "mem_available_kib_at_end": 6355392}
T-optimistic-all-c10: 1000 requests (+100 warm-up) at c=10 in 43.708s; 0 errors -> benchmark/results/20260926T172317Z-8ebb806-7A-single-m7i-flex.large/run1/T-optimistic-all-c10.csv
   T-optimistic-all-c10: 1000 rows, 0 errors; {"label": "T-optimistic-all-c10", "cpu_busy_pct": 100.0, "cpu_steal_pct": 1.11, "load1": 12.55, "load5": 16.02, "load15": 19.23, "mem_available_kib_at_end": 6356440}
T-optimistic-all-c20: 1000 requests (+100 warm-up) at c=20 in 34.11s; 0 errors -> benchmark/results/20260926T172317Z-8ebb806-7A-single-m7i-flex.large/run1/T-optimistic-all-c20.csv
   T-optimistic-all-c20: 1000 rows, 0 errors; {"label": "T-optimistic-all-c20", "cpu_busy_pct": 100.0, "cpu_steal_pct": 3.90, "load1": 12.84, "load5": 15.70, "load15": 19.01, "mem_available_kib_at_end": 6358708}
T-optimistic-all-c50: 1000 requests (+100 warm-up) at c=50 in 39.83s; 599 errors -> benchmark/results/20260926T172317Z-8ebb806-7A-single-m7i-flex.large/run1/T-optimistic-all-c50.csv
   T-optimistic-all-c50: 1000 rows, 599 errors; {"label": "T-optimistic-all-c50", "cpu_busy_pct": 100.0, "cpu_steal_pct": 0.35, "load1": 13.24, "load5": 15.40, "load15": 18.75, "mem_available_kib_at_end": 6347496}
T-optimistic-hedged-c1: 1000 requests (+100 warm-up) at c=1 in 41.565s; 0 errors -> benchmark/results/20260926T172317Z-8ebb806-7A-single-m7i-flex.large/run1/T-optimistic-hedged-c1.csv
   T-optimistic-hedged-c1: 1000 rows, 0 errors; {"label": "T-optimistic-hedged-c1", "cpu_busy_pct": 97.9, "cpu_steal_pct": 0.00, "load1": 8.76, "load5": 13.82, "load15": 18.03, "mem_available_kib_at_end": 6356504}
T-optimistic-hedged-c10: 1000 requests (+100 warm-up) at c=10 in 47.876s; 0 errors -> benchmark/results/20260926T172317Z-8ebb806-7A-single-m7i-flex.large/run1/T-optimistic-hedged-c10.csv
   T-optimistic-hedged-c10: 1000 rows, 0 errors; {"label": "T-optimistic-hedged-c10", "cpu_busy_pct": 100.0, "cpu_steal_pct": 0.00, "load1": 10.01, "load5": 13.39, "load15": 17.66, "mem_available_kib_at_end": 6355132}
T-optimistic-hedged-c20: 1000 requests (+100 warm-up) at c=20 in 46.952s; 0 errors -> benchmark/results/20260926T172317Z-8ebb806-7A-single-m7i-flex.large/run1/T-optimistic-hedged-c20.csv
   T-optimistic-hedged-c20: 1000 rows, 0 errors; {"label": "T-optimistic-hedged-c20", "cpu_busy_pct": 100.0, "cpu_steal_pct": 0.00, "load1": 11.77, "load5": 13.25, "load15": 17.36, "mem_available_kib_at_end": 6357804}
T-optimistic-hedged-c50: 1000 requests (+100 warm-up) at c=50 in 39.916s; 552 errors -> benchmark/results/20260926T172317Z-8ebb806-7A-single-m7i-flex.large/run1/T-optimistic-hedged-c50.csv
   T-optimistic-hedged-c50: 1000 rows, 552 errors; {"label": "T-optimistic-hedged-c50", "cpu_busy_pct": 100.0, "cpu_steal_pct": 0.00, "load1": 12.47, "load5": 13.22, "load15": 17.16, "mem_available_kib_at_end": 6351628}
   scale: schedulable nodes [tk8s-worker], allocatable pods 110, in use 2, free 108
   scale T-strict-all n=50 rep=1: {"system": "T-strict-all", "replicas": 50, "rep": 1, "ms_to_all_ready": 24489, "all_ready": true, "ready_replicas": 50, "cpu_busy_pct": 99.8, "cpu_steal_pct": 0.00, "load1": 27.06, "load5": 16.35}; audit events 127
   scale T-strict-all n=50 rep=2: {"system": "T-strict-all", "replicas": 50, "rep": 2, "ms_to_all_ready": 26875, "all_ready": true, "ready_replicas": 50, "cpu_busy_pct": 99.8, "cpu_steal_pct": 0.00, "load1": 28.13, "load5": 17.85}; audit events 181
   scale T-strict-all n=50 rep=3: {"system": "T-strict-all", "replicas": 50, "rep": 3, "ms_to_all_ready": 26307, "all_ready": true, "ready_replicas": 50, "cpu_busy_pct": 99.9, "cpu_steal_pct": 0.00, "load1": 30.77, "load5": 19.44}; audit events 164
   scale T-strict-all n=100 rep=1: {"system": "T-strict-all", "replicas": 100, "rep": 1, "ms_to_all_ready": 90063, "all_ready": true, "ready_replicas": 100, "cpu_busy_pct": 64.0, "cpu_steal_pct": 0.01, "load1": 26.90, "load5": 22.99}; audit events 485
   scale T-strict-all n=100 rep=2: {"system": "T-strict-all", "replicas": 100, "rep": 2, "ms_to_all_ready": 57240, "all_ready": true, "ready_replicas": 100, "cpu_busy_pct": 99.9, "cpu_steal_pct": 1.73, "load1": 59.38, "load5": 32.53}; audit events 418
   scale T-strict-all n=100 rep=3: {"system": "T-strict-all", "replicas": 100, "rep": 3, "ms_to_all_ready": 48701, "all_ready": true, "ready_replicas": 100, "cpu_busy_pct": 99.9, "cpu_steal_pct": 0.00, "load1": 69.77, "load5": 39.68}; audit events 165

================ run 2/3 (18:01:41) ================
Creating cluster "tk8s" ...
 • Ensuring node image (kindest/node:v1.36.5-tk8s) 🖼  ...
 ✓ Ensuring node image (kindest/node:v1.36.5-tk8s) 🖼
 • Preparing nodes 📦 📦   ...
 ✓ Preparing nodes 📦 📦 
 • Writing configuration 📜  ...
 ✓ Writing configuration 📜
 • Starting control-plane 🕹️  ...
 ✓ Starting control-plane 🕹️
 • Installing CNI 🔌  ...
 ✓ Installing CNI 🔌
 • Installing StorageClass 💾  ...
 ✓ Installing StorageClass 💾
 • Joining worker nodes 🚜  ...
 ✓ Joining worker nodes 🚜
 • Waiting ≤ 5m0s for control-plane = Ready ⏳  ...
 ✓ Waiting ≤ 5m0s for control-plane = Ready ⏳
 • Ready after 13s 💚
Set kubectl context to "kind-tk8s"
You can now use your cluster with:

kubectl cluster-info --context kind-tk8s

Have a nice day! 👋
run2 B0: apiserver=in-tree issued JWT header kid=Onn9NyPSJ7hkzfOx2f_yJWW4-KJGheGXLXDwgphQBMo
B0-c1: 1000 requests (+100 warm-up) at c=1 in 2.741s; 0 errors -> benchmark/results/20260926T172317Z-8ebb806-7A-single-m7i-flex.large/run2/B0-c1.csv
   B0-c1: 1000 rows, 0 errors; {"label": "B0-c1", "cpu_busy_pct": 66.9, "cpu_steal_pct": 0.00, "load1": 30.19, "load5": 34.14, "load15": 25.81, "mem_available_kib_at_end": 6390820}
B0-c10: 1000 requests (+100 warm-up) at c=10 in 1.608s; 0 errors -> benchmark/results/20260926T172317Z-8ebb806-7A-single-m7i-flex.large/run2/B0-c10.csv
   B0-c10: 1000 rows, 0 errors; {"label": "B0-c10", "cpu_busy_pct": 99.7, "cpu_steal_pct": 0.00, "load1": 27.93, "load5": 33.61, "load15": 25.68, "mem_available_kib_at_end": 6405416}
B0-c20: 1000 requests (+100 warm-up) at c=20 in 1.624s; 0 errors -> benchmark/results/20260926T172317Z-8ebb806-7A-single-m7i-flex.large/run2/B0-c20.csv
   B0-c20: 1000 rows, 0 errors; {"label": "B0-c20", "cpu_busy_pct": 99.7, "cpu_steal_pct": 0.00, "load1": 27.93, "load5": 33.61, "load15": 25.68, "mem_available_kib_at_end": 6423320}
B0-c50: 1000 requests (+100 warm-up) at c=50 in 1.475s; 0 errors -> benchmark/results/20260926T172317Z-8ebb806-7A-single-m7i-flex.large/run2/B0-c50.csv
   B0-c50: 1000 rows, 0 errors; {"label": "B0-c50", "cpu_busy_pct": 100.0, "cpu_steal_pct": 0.00, "load1": 27.93, "load5": 33.61, "load15": 25.68, "mem_available_kib_at_end": 6427036}
Creating cluster "tk8s" ...
 • Ensuring node image (kindest/node:v1.36.5-tk8s) 🖼  ...
 ✓ Ensuring node image (kindest/node:v1.36.5-tk8s) 🖼
 • Preparing nodes 📦 📦   ...
 ✓ Preparing nodes 📦 📦 
 • Writing configuration 📜  ...
 ✓ Writing configuration 📜
 • Starting control-plane 🕹️  ...
 ✓ Starting control-plane 🕹️
 • Installing CNI 🔌  ...
 ✓ Installing CNI 🔌
 • Installing StorageClass 💾  ...
 ✓ Installing StorageClass 💾
 • Joining worker nodes 🚜  ...
 ✓ Joining worker nodes 🚜
 • Waiting ≤ 5m0s for control-plane = Ready ⏳  ...
 ✓ Waiting ≤ 5m0s for control-plane = Ready ⏳
 • Ready after 10s 💚
Set kubectl context to "kind-tk8s"
You can now use your cluster with:

kubectl cluster-info --context kind-tk8s

Thanks for using kind! 😊
run2 B1: apiserver=external issued JWT header kid=Wx6Cqi6oJ4d8Le8ts0am9w (b1signer FetchKeys kid=Wx6Cqi6oJ4d8Le8ts0am9w)
B1-c1: 1000 requests (+100 warm-up) at c=1 in 3.234s; 0 errors -> benchmark/results/20260926T172317Z-8ebb806-7A-single-m7i-flex.large/run2/B1-c1.csv
   B1-c1: 1000 rows, 0 errors; {"label": "B1-c1", "cpu_busy_pct": 70.6, "cpu_steal_pct": 0.00, "load1": 15.30, "load5": 29.48, "load15": 24.66, "mem_available_kib_at_end": 6396980}
B1-c10: 1000 requests (+100 warm-up) at c=10 in 2.065s; 0 errors -> benchmark/results/20260926T172317Z-8ebb806-7A-single-m7i-flex.large/run2/B1-c10.csv
   B1-c10: 1000 rows, 0 errors; {"label": "B1-c10", "cpu_busy_pct": 99.3, "cpu_steal_pct": 0.00, "load1": 14.39, "load5": 29.05, "load15": 24.55, "mem_available_kib_at_end": 6407624}
B1-c20: 1000 requests (+100 warm-up) at c=20 in 1.871s; 0 errors -> benchmark/results/20260926T172317Z-8ebb806-7A-single-m7i-flex.large/run2/B1-c20.csv
   B1-c20: 1000 rows, 0 errors; {"label": "B1-c20", "cpu_busy_pct": 99.5, "cpu_steal_pct": 0.00, "load1": 14.39, "load5": 29.05, "load15": 24.55, "mem_available_kib_at_end": 6394252}
B1-c50: 1000 requests (+100 warm-up) at c=50 in 2.031s; 0 errors -> benchmark/results/20260926T172317Z-8ebb806-7A-single-m7i-flex.large/run2/B1-c50.csv
   B1-c50: 1000 rows, 0 errors; {"label": "B1-c50", "cpu_busy_pct": 99.6, "cpu_steal_pct": 0.00, "load1": 14.04, "load5": 28.74, "load15": 24.47, "mem_available_kib_at_end": 6369280}
Creating cluster "tk8s" ...
 • Ensuring node image (kindest/node:v1.36.5-tk8s) 🖼  ...
 ✓ Ensuring node image (kindest/node:v1.36.5-tk8s) 🖼
 • Preparing nodes 📦 📦   ...
 ✓ Preparing nodes 📦 📦 
 • Writing configuration 📜  ...
 ✓ Writing configuration 📜
 • Starting control-plane 🕹️  ...
 ✓ Starting control-plane 🕹️
 • Installing CNI 🔌  ...
 ✓ Installing CNI 🔌
 • Installing StorageClass 💾  ...
 ✓ Installing StorageClass 💾
 • Joining worker nodes 🚜  ...
 ✓ Joining worker nodes 🚜
 • Waiting ≤ 5m0s for control-plane = Ready ⏳  ...
 ✓ Waiting ≤ 5m0s for control-plane = Ready ⏳
 • Ready after 9s 💚
Set kubectl context to "kind-tk8s"
You can now use your cluster with:

kubectl cluster-info --context kind-tk8s

Thanks for using kind! 😊
run2 T: apiserver=external issued JWT header kid=glLFbAY0SZuAehLSlqPQ4Q (public-meta kid=glLFbAY0SZuAehLSlqPQ4Q)
run2 T: signer admission {"max_concurrent":2,"max_queue":64}
T-strict-all-c1: 1000 requests (+100 warm-up) at c=1 in 1m23.848s; 0 errors -> benchmark/results/20260926T172317Z-8ebb806-7A-single-m7i-flex.large/run2/T-strict-all-c1.csv
   T-strict-all-c1: 1000 rows, 0 errors; {"label": "T-strict-all-c1", "cpu_busy_pct": 99.6, "cpu_steal_pct": 0.00, "load1": 8.34, "load5": 19.62, "load15": 21.62, "mem_available_kib_at_end": 6376856}
T-strict-all-c10: 1000 requests (+100 warm-up) at c=10 in 1m24.632s; 0 errors -> benchmark/results/20260926T172317Z-8ebb806-7A-single-m7i-flex.large/run2/T-strict-all-c10.csv
   T-strict-all-c10: 1000 rows, 0 errors; {"label": "T-strict-all-c10", "cpu_busy_pct": 100.0, "cpu_steal_pct": 0.00, "load1": 14.90, "load5": 18.87, "load15": 21.16, "mem_available_kib_at_end": 6370540}
T-strict-all-c20: 1000 requests (+100 warm-up) at c=20 in 1m23.938s; 43 errors -> benchmark/results/20260926T172317Z-8ebb806-7A-single-m7i-flex.large/run2/T-strict-all-c20.csv
   T-strict-all-c20: 1000 rows, 43 errors; {"label": "T-strict-all-c20", "cpu_busy_pct": 100.0, "cpu_steal_pct": 0.00, "load1": 18.62, "load5": 19.08, "load15": 21.02, "mem_available_kib_at_end": 6370648}
T-strict-all-c50: 1000 requests (+100 warm-up) at c=50 in 51.119s; 946 errors -> benchmark/results/20260926T172317Z-8ebb806-7A-single-m7i-flex.large/run2/T-strict-all-c50.csv
   T-strict-all-c50: 1000 rows, 946 errors; {"label": "T-strict-all-c50", "cpu_busy_pct": 100.0, "cpu_steal_pct": 0.00, "load1": 18.56, "load5": 19.00, "load15": 20.88, "mem_available_kib_at_end": 6353000}
T-strict-hedged-c1: 1000 requests (+100 warm-up) at c=1 in 1m17.488s; 0 errors -> benchmark/results/20260926T172317Z-8ebb806-7A-single-m7i-flex.large/run2/T-strict-hedged-c1.csv
   T-strict-hedged-c1: 1000 rows, 0 errors; {"label": "T-strict-hedged-c1", "cpu_busy_pct": 99.7, "cpu_steal_pct": 0.00, "load1": 8.79, "load5": 15.54, "load15": 19.47, "mem_available_kib_at_end": 6354912}
T-strict-hedged-c10: 1000 requests (+100 warm-up) at c=10 in 1m26.394s; 0 errors -> benchmark/results/20260926T172317Z-8ebb806-7A-single-m7i-flex.large/run2/T-strict-hedged-c10.csv
   T-strict-hedged-c10: 1000 rows, 0 errors; {"label": "T-strict-hedged-c10", "cpu_busy_pct": 100.0, "cpu_steal_pct": 0.00, "load1": 15.08, "load5": 15.82, "load15": 19.18, "mem_available_kib_at_end": 6357612}
T-strict-hedged-c20: 1000 requests (+100 warm-up) at c=20 in 1m26.099s; 31 errors -> benchmark/results/20260926T172317Z-8ebb806-7A-single-m7i-flex.large/run2/T-strict-hedged-c20.csv
   T-strict-hedged-c20: 1000 rows, 31 errors; {"label": "T-strict-hedged-c20", "cpu_busy_pct": 100.0, "cpu_steal_pct": 0.00, "load1": 16.76, "load5": 16.11, "load15": 18.95, "mem_available_kib_at_end": 6358916}
T-strict-hedged-c50: 1000 requests (+100 warm-up) at c=50 in 16.935s; 973 errors -> benchmark/results/20260926T172317Z-8ebb806-7A-single-m7i-flex.large/run2/T-strict-hedged-c50.csv
   T-strict-hedged-c50: 1000 rows, 973 errors; {"label": "T-strict-hedged-c50", "cpu_busy_pct": 100.0, "cpu_steal_pct": 0.00, "load1": 16.49, "load5": 16.10, "load15": 18.89, "mem_available_kib_at_end": 6335548}
T-optimistic-all-c1: 1000 requests (+100 warm-up) at c=1 in 51.196s; 0 errors -> benchmark/results/20260926T172317Z-8ebb806-7A-single-m7i-flex.large/run2/T-optimistic-all-c1.csv
   T-optimistic-all-c1: 1000 rows, 0 errors; {"label": "T-optimistic-all-c1", "cpu_busy_pct": 99.5, "cpu_steal_pct": 0.00, "load1": 11.27, "load5": 14.57, "load15": 18.16, "mem_available_kib_at_end": 6348260}
T-optimistic-all-c10: 1000 requests (+100 warm-up) at c=10 in 49.396s; 0 errors -> benchmark/results/20260926T172317Z-8ebb806-7A-single-m7i-flex.large/run2/T-optimistic-all-c10.csv
   T-optimistic-all-c10: 1000 rows, 0 errors; {"label": "T-optimistic-all-c10", "cpu_busy_pct": 100.0, "cpu_steal_pct": 0.00, "load1": 11.92, "load5": 14.21, "load15": 17.83, "mem_available_kib_at_end": 6349392}
T-optimistic-all-c20: 1000 requests (+100 warm-up) at c=20 in 49.713s; 0 errors -> benchmark/results/20260926T172317Z-8ebb806-7A-single-m7i-flex.large/run2/T-optimistic-all-c20.csv
   T-optimistic-all-c20: 1000 rows, 0 errors; {"label": "T-optimistic-all-c20", "cpu_busy_pct": 100.0, "cpu_steal_pct": 0.00, "load1": 12.83, "load5": 14.04, "load15": 17.56, "mem_available_kib_at_end": 6347860}
T-optimistic-all-c50: 1000 requests (+100 warm-up) at c=50 in 40.245s; 554 errors -> benchmark/results/20260926T172317Z-8ebb806-7A-single-m7i-flex.large/run2/T-optimistic-all-c50.csv
   T-optimistic-all-c50: 1000 rows, 554 errors; {"label": "T-optimistic-all-c50", "cpu_busy_pct": 100.0, "cpu_steal_pct": 0.00, "load1": 12.04, "load5": 13.68, "load15": 17.29, "mem_available_kib_at_end": 6333488}
T-optimistic-hedged-c1: 1000 requests (+100 warm-up) at c=1 in 41.651s; 0 errors -> benchmark/results/20260926T172317Z-8ebb806-7A-single-m7i-flex.large/run2/T-optimistic-hedged-c1.csv
   T-optimistic-hedged-c1: 1000 rows, 0 errors; {"label": "T-optimistic-hedged-c1", "cpu_busy_pct": 97.8, "cpu_steal_pct": 0.00, "load1": 9.57, "load5": 12.69, "load15": 16.74, "mem_available_kib_at_end": 6347576}
T-optimistic-hedged-c10: 1000 requests (+100 warm-up) at c=10 in 48.986s; 0 errors -> benchmark/results/20260926T172317Z-8ebb806-7A-single-m7i-flex.large/run2/T-optimistic-hedged-c10.csv
   T-optimistic-hedged-c10: 1000 rows, 0 errors; {"label": "T-optimistic-hedged-c10", "cpu_busy_pct": 100.0, "cpu_steal_pct": 0.00, "load1": 10.73, "load5": 12.52, "load15": 16.47, "mem_available_kib_at_end": 6349996}
T-optimistic-hedged-c20: 1000 requests (+100 warm-up) at c=20 in 48.518s; 0 errors -> benchmark/results/20260926T172317Z-8ebb806-7A-single-m7i-flex.large/run2/T-optimistic-hedged-c20.csv
   T-optimistic-hedged-c20: 1000 rows, 0 errors; {"label": "T-optimistic-hedged-c20", "cpu_busy_pct": 100.0, "cpu_steal_pct": 0.00, "load1": 11.42, "load5": 12.41, "load15": 16.20, "mem_available_kib_at_end": 6349712}
T-optimistic-hedged-c50: 1000 requests (+100 warm-up) at c=50 in 38.48s; 449 errors -> benchmark/results/20260926T172317Z-8ebb806-7A-single-m7i-flex.large/run2/T-optimistic-hedged-c50.csv
   T-optimistic-hedged-c50: 1000 rows, 449 errors; {"label": "T-optimistic-hedged-c50", "cpu_busy_pct": 100.0, "cpu_steal_pct": 0.00, "load1": 11.77, "load5": 12.37, "load15": 16.03, "mem_available_kib_at_end": 6335712}

================ run 3/3 (18:22:00) ================
Creating cluster "tk8s" ...
 • Ensuring node image (kindest/node:v1.36.5-tk8s) 🖼  ...
 ✓ Ensuring node image (kindest/node:v1.36.5-tk8s) 🖼
 • Preparing nodes 📦 📦   ...
 ✓ Preparing nodes 📦 📦 
 • Writing configuration 📜  ...
 ✓ Writing configuration 📜
 • Starting control-plane 🕹️  ...
 ✓ Starting control-plane 🕹️
 • Installing CNI 🔌  ...
 ✓ Installing CNI 🔌
 • Installing StorageClass 💾  ...
 ✓ Installing StorageClass 💾
 • Joining worker nodes 🚜  ...
 ✓ Joining worker nodes 🚜
 • Waiting ≤ 5m0s for control-plane = Ready ⏳  ...
 ✓ Waiting ≤ 5m0s for control-plane = Ready ⏳
 • Ready after 8s 💚
Set kubectl context to "kind-tk8s"
You can now use your cluster with:

kubectl cluster-info --context kind-tk8s

Thanks for using kind! 😊
run3 B0: apiserver=in-tree issued JWT header kid=-ERVOBWIg9rzzxuEsw-y36RQ8BbrHnumER1zen9Vqpk
B0-c1: 1000 requests (+100 warm-up) at c=1 in 2.726s; 0 errors -> benchmark/results/20260926T172317Z-8ebb806-7A-single-m7i-flex.large/run3/B0-c1.csv
   B0-c1: 1000 rows, 0 errors; {"label": "B0-c1", "cpu_busy_pct": 67.0, "cpu_steal_pct": 0.00, "load1": 7.92, "load5": 11.31, "load15": 15.50, "mem_available_kib_at_end": 6371196}
B0-c10: 1000 requests (+100 warm-up) at c=10 in 1.667s; 0 errors -> benchmark/results/20260926T172317Z-8ebb806-7A-single-m7i-flex.large/run3/B0-c10.csv
   B0-c10: 1000 rows, 0 errors; {"label": "B0-c10", "cpu_busy_pct": 99.7, "cpu_steal_pct": 0.00, "load1": 7.92, "load5": 11.31, "load15": 15.50, "mem_available_kib_at_end": 6365620}
B0-c20: 1000 requests (+100 warm-up) at c=20 in 1.549s; 0 errors -> benchmark/results/20260926T172317Z-8ebb806-7A-single-m7i-flex.large/run3/B0-c20.csv
   B0-c20: 1000 rows, 0 errors; {"label": "B0-c20", "cpu_busy_pct": 99.7, "cpu_steal_pct": 0.00, "load1": 8.09, "load5": 11.29, "load15": 15.47, "mem_available_kib_at_end": 6382576}
B0-c50: 1000 requests (+100 warm-up) at c=50 in 1.469s; 0 errors -> benchmark/results/20260926T172317Z-8ebb806-7A-single-m7i-flex.large/run3/B0-c50.csv
   B0-c50: 1000 rows, 0 errors; {"label": "B0-c50", "cpu_busy_pct": 99.7, "cpu_steal_pct": 0.00, "load1": 8.09, "load5": 11.29, "load15": 15.47, "mem_available_kib_at_end": 6431840}
Creating cluster "tk8s" ...
 • Ensuring node image (kindest/node:v1.36.5-tk8s) 🖼  ...
 ✓ Ensuring node image (kindest/node:v1.36.5-tk8s) 🖼
 • Preparing nodes 📦 📦   ...
 ✓ Preparing nodes 📦 📦 
 • Writing configuration 📜  ...
 ✓ Writing configuration 📜
 • Starting control-plane 🕹️  ...
 ✓ Starting control-plane 🕹️
 • Installing CNI 🔌  ...
 ✓ Installing CNI 🔌
 • Installing StorageClass 💾  ...
 ✓ Installing StorageClass 💾
 • Joining worker nodes 🚜  ...
 ✓ Joining worker nodes 🚜
 • Waiting ≤ 5m0s for control-plane = Ready ⏳  ...
 ✓ Waiting ≤ 5m0s for control-plane = Ready ⏳
 • Ready after 7s 💚
Set kubectl context to "kind-tk8s"
You can now use your cluster with:

kubectl cluster-info --context kind-tk8s

Have a nice day! 👋
run3 B1: apiserver=external issued JWT header kid=7yNcG0zcFrBTP0yii1uVEw (b1signer FetchKeys kid=7yNcG0zcFrBTP0yii1uVEw)
B1-c1: 1000 requests (+100 warm-up) at c=1 in 3.155s; 0 errors -> benchmark/results/20260926T172317Z-8ebb806-7A-single-m7i-flex.large/run3/B1-c1.csv
   B1-c1: 1000 rows, 0 errors; {"label": "B1-c1", "cpu_busy_pct": 70.4, "cpu_steal_pct": 0.00, "load1": 5.71, "load5": 10.19, "load15": 14.89, "mem_available_kib_at_end": 6444968}
B1-c10: 1000 requests (+100 warm-up) at c=10 in 2.065s; 0 errors -> benchmark/results/20260926T172317Z-8ebb806-7A-single-m7i-flex.large/run3/B1-c10.csv
   B1-c10: 1000 rows, 0 errors; {"label": "B1-c10", "cpu_busy_pct": 99.6, "cpu_steal_pct": 0.00, "load1": 5.71, "load5": 10.19, "load15": 14.89, "mem_available_kib_at_end": 6413468}
B1-c20: 1000 requests (+100 warm-up) at c=20 in 1.899s; 0 errors -> benchmark/results/20260926T172317Z-8ebb806-7A-single-m7i-flex.large/run3/B1-c20.csv
   B1-c20: 1000 rows, 0 errors; {"label": "B1-c20", "cpu_busy_pct": 99.5, "cpu_steal_pct": 0.00, "load1": 6.21, "load5": 10.22, "load15": 14.88, "mem_available_kib_at_end": 6420848}
B1-c50: 1000 requests (+100 warm-up) at c=50 in 1.889s; 0 errors -> benchmark/results/20260926T172317Z-8ebb806-7A-single-m7i-flex.large/run3/B1-c50.csv
   B1-c50: 1000 rows, 0 errors; {"label": "B1-c50", "cpu_busy_pct": 99.8, "cpu_steal_pct": 0.00, "load1": 6.21, "load5": 10.22, "load15": 14.88, "mem_available_kib_at_end": 6410596}
Creating cluster "tk8s" ...
 • Ensuring node image (kindest/node:v1.36.5-tk8s) 🖼  ...
 ✓ Ensuring node image (kindest/node:v1.36.5-tk8s) 🖼
 • Preparing nodes 📦 📦   ...
 ✓ Preparing nodes 📦 📦 
 • Writing configuration 📜  ...
 ✓ Writing configuration 📜
 • Starting control-plane 🕹️  ...
 ✓ Starting control-plane 🕹️
 • Installing CNI 🔌  ...
 ✓ Installing CNI 🔌
 • Installing StorageClass 💾  ...
 ✓ Installing StorageClass 💾
 • Joining worker nodes 🚜  ...
 ✓ Joining worker nodes 🚜
 • Waiting ≤ 5m0s for control-plane = Ready ⏳  ...
 ✓ Waiting ≤ 5m0s for control-plane = Ready ⏳
 • Ready after 8s 💚
Set kubectl context to "kind-tk8s"
You can now use your cluster with:

kubectl cluster-info --context kind-tk8s

Not sure what to do next? 😅  Check out https://kind.sigs.k8s.io/docs/user/quick-start/
run3 T: apiserver=external issued JWT header kid=5KhFFNH9Q3l0T0uCZph4vA (public-meta kid=5KhFFNH9Q3l0T0uCZph4vA)
run3 T: signer admission {"max_concurrent":2,"max_queue":64}
T-strict-all-c1: 1000 requests (+100 warm-up) at c=1 in 1m22.265s; 0 errors -> benchmark/results/20260926T172317Z-8ebb806-7A-single-m7i-flex.large/run3/T-strict-all-c1.csv
   T-strict-all-c1: 1000 rows, 0 errors; {"label": "T-strict-all-c1", "cpu_busy_pct": 99.6, "cpu_steal_pct": 0.00, "load1": 6.31, "load5": 8.61, "load15": 13.58, "mem_available_kib_at_end": 6378000}
T-strict-all-c10: 1000 requests (+100 warm-up) at c=10 in 1m19.438s; 0 errors -> benchmark/results/20260926T172317Z-8ebb806-7A-single-m7i-flex.large/run3/T-strict-all-c10.csv
   T-strict-all-c10: 1000 rows, 0 errors; {"label": "T-strict-all-c10", "cpu_busy_pct": 100.0, "cpu_steal_pct": 0.00, "load1": 12.12, "load5": 9.74, "load15": 13.53, "mem_available_kib_at_end": 6365644}
T-strict-all-c20: 1000 requests (+100 warm-up) at c=20 in 1m24.268s; 23 errors -> benchmark/results/20260926T172317Z-8ebb806-7A-single-m7i-flex.large/run3/T-strict-all-c20.csv
   T-strict-all-c20: 1000 rows, 23 errors; {"label": "T-strict-all-c20", "cpu_busy_pct": 100.0, "cpu_steal_pct": 0.00, "load1": 14.51, "load5": 11.32, "load15": 13.73, "mem_available_kib_at_end": 6364908}
T-strict-all-c50: 1000 requests (+100 warm-up) at c=50 in 18.158s; 987 errors -> benchmark/results/20260926T172317Z-8ebb806-7A-single-m7i-flex.large/run3/T-strict-all-c50.csv
   T-strict-all-c50: 1000 rows, 987 errors; {"label": "T-strict-all-c50", "cpu_busy_pct": 100.0, "cpu_steal_pct": 0.00, "load1": 15.54, "load5": 11.82, "load15": 13.84, "mem_available_kib_at_end": 6333044}
T-strict-hedged-c1: 1000 requests (+100 warm-up) at c=1 in 1m17.939s; 0 errors -> benchmark/results/20260926T172317Z-8ebb806-7A-single-m7i-flex.large/run3/T-strict-hedged-c1.csv
   T-strict-hedged-c1: 1000 rows, 0 errors; {"label": "T-strict-hedged-c1", "cpu_busy_pct": 99.7, "cpu_steal_pct": 0.00, "load1": 9.00, "load5": 10.62, "load15": 13.22, "mem_available_kib_at_end": 6346176}
T-strict-hedged-c10: 1000 requests (+100 warm-up) at c=10 in 1m24.678s; 0 errors -> benchmark/results/20260926T172317Z-8ebb806-7A-single-m7i-flex.large/run3/T-strict-hedged-c10.csv
   T-strict-hedged-c10: 1000 rows, 0 errors; {"label": "T-strict-hedged-c10", "cpu_busy_pct": 100.0, "cpu_steal_pct": 0.00, "load1": 13.78, "load5": 11.77, "load15": 13.39, "mem_available_kib_at_end": 6349892}
T-strict-hedged-c20: 1000 requests (+100 warm-up) at c=20 in 1m24.887s; 22 errors -> benchmark/results/20260926T172317Z-8ebb806-7A-single-m7i-flex.large/run3/T-strict-hedged-c20.csv
   T-strict-hedged-c20: 1000 rows, 22 errors; {"label": "T-strict-hedged-c20", "cpu_busy_pct": 100.0, "cpu_steal_pct": 0.00, "load1": 18.28, "load5": 13.87, "load15": 13.98, "mem_available_kib_at_end": 6354344}
T-strict-hedged-c50: 1000 requests (+100 warm-up) at c=50 in 53.488s; 586 errors -> benchmark/results/20260926T172317Z-8ebb806-7A-single-m7i-flex.large/run3/T-strict-hedged-c50.csv
   T-strict-hedged-c50: 1000 rows, 586 errors; {"label": "T-strict-hedged-c50", "cpu_busy_pct": 100.0, "cpu_steal_pct": 1.22, "load1": 16.62, "load5": 14.29, "load15": 14.13, "mem_available_kib_at_end": 6336508}
T-optimistic-all-c1: 1000 requests (+100 warm-up) at c=1 in 49.609s; 0 errors -> benchmark/results/20260926T172317Z-8ebb806-7A-single-m7i-flex.large/run3/T-optimistic-all-c1.csv
   T-optimistic-all-c1: 1000 rows, 0 errors; {"label": "T-optimistic-all-c1", "cpu_busy_pct": 99.5, "cpu_steal_pct": 0.00, "load1": 11.79, "load5": 13.30, "load15": 13.80, "mem_available_kib_at_end": 6346868}
T-optimistic-all-c10: 1000 requests (+100 warm-up) at c=10 in 46.666s; 0 errors -> benchmark/results/20260926T172317Z-8ebb806-7A-single-m7i-flex.large/run3/T-optimistic-all-c10.csv
   T-optimistic-all-c10: 1000 rows, 0 errors; {"label": "T-optimistic-all-c10", "cpu_busy_pct": 100.0, "cpu_steal_pct": 0.00, "load1": 12.47, "load5": 13.28, "load15": 13.76, "mem_available_kib_at_end": 6343892}
T-optimistic-all-c20: 1000 requests (+100 warm-up) at c=20 in 48.831s; 0 errors -> benchmark/results/20260926T172317Z-8ebb806-7A-single-m7i-flex.large/run3/T-optimistic-all-c20.csv
   T-optimistic-all-c20: 1000 rows, 0 errors; {"label": "T-optimistic-all-c20", "cpu_busy_pct": 100.0, "cpu_steal_pct": 0.00, "load1": 12.46, "load5": 13.17, "load15": 13.70, "mem_available_kib_at_end": 6340628}
T-optimistic-all-c50: 1000 requests (+100 warm-up) at c=50 in 40.093s; 591 errors -> benchmark/results/20260926T172317Z-8ebb806-7A-single-m7i-flex.large/run3/T-optimistic-all-c50.csv
   T-optimistic-all-c50: 1000 rows, 591 errors; {"label": "T-optimistic-all-c50", "cpu_busy_pct": 100.0, "cpu_steal_pct": 0.00, "load1": 13.23, "load5": 13.31, "load15": 13.73, "mem_available_kib_at_end": 6334360}
T-optimistic-hedged-c1: 1000 requests (+100 warm-up) at c=1 in 40.8s; 0 errors -> benchmark/results/20260926T172317Z-8ebb806-7A-single-m7i-flex.large/run3/T-optimistic-hedged-c1.csv
   T-optimistic-hedged-c1: 1000 rows, 0 errors; {"label": "T-optimistic-hedged-c1", "cpu_busy_pct": 97.9, "cpu_steal_pct": 0.00, "load1": 9.24, "load5": 12.16, "load15": 13.31, "mem_available_kib_at_end": 6344204}
T-optimistic-hedged-c10: 1000 requests (+100 warm-up) at c=10 in 48.018s; 0 errors -> benchmark/results/20260926T172317Z-8ebb806-7A-single-m7i-flex.large/run3/T-optimistic-hedged-c10.csv
   T-optimistic-hedged-c10: 1000 rows, 0 errors; {"label": "T-optimistic-hedged-c10", "cpu_busy_pct": 100.0, "cpu_steal_pct": 0.00, "load1": 11.05, "load5": 12.15, "load15": 13.24, "mem_available_kib_at_end": 6348236}
T-optimistic-hedged-c20: 1000 requests (+100 warm-up) at c=20 in 48.093s; 0 errors -> benchmark/results/20260926T172317Z-8ebb806-7A-single-m7i-flex.large/run3/T-optimistic-hedged-c20.csv
   T-optimistic-hedged-c20: 1000 rows, 0 errors; {"label": "T-optimistic-hedged-c20", "cpu_busy_pct": 100.0, "cpu_steal_pct": 0.00, "load1": 12.41, "load5": 12.36, "load15": 13.25, "mem_available_kib_at_end": 6341708}
T-optimistic-hedged-c50: 1000 requests (+100 warm-up) at c=50 in 39.924s; 554 errors -> benchmark/results/20260926T172317Z-8ebb806-7A-single-m7i-flex.large/run3/T-optimistic-hedged-c50.csv
   T-optimistic-hedged-c50: 1000 rows, 554 errors; {"label": "T-optimistic-hedged-c50", "cpu_busy_pct": 100.0, "cpu_steal_pct": 0.00, "load1": 11.96, "load5": 12.25, "load15": 13.17, "mem_available_kib_at_end": 6333960}
results: benchmark/results/20260926T172317Z-8ebb806-7A-single-m7i-flex.large
cleanup done (generated keys wiped)
